Archive member included to satisfy reference by file (symbol)

c:/st/stm32cubeide_1.2.0/stm32cubeide/plugins/com.st.stm32cube.ide.mcu.externaltools.gnu-tools-for-stm32.7-2018-q2-update.win32_1.0.0.201904181610/tools/bin/../lib/gcc/arm-none-eabi/7.3.1/../../../../arm-none-eabi/lib/thumb/v7e-m/fpv4-sp/hard\libc_nano.a(lib_a-errno.o)
                              Core/Src/syscalls.o (__errno)
c:/st/stm32cubeide_1.2.0/stm32cubeide/plugins/com.st.stm32cube.ide.mcu.externaltools.gnu-tools-for-stm32.7-2018-q2-update.win32_1.0.0.201904181610/tools/bin/../lib/gcc/arm-none-eabi/7.3.1/../../../../arm-none-eabi/lib/thumb/v7e-m/fpv4-sp/hard\libc_nano.a(lib_a-exit.o)
                              c:/st/stm32cubeide_1.2.0/stm32cubeide/plugins/com.st.stm32cube.ide.mcu.externaltools.gnu-tools-for-stm32.7-2018-q2-update.win32_1.0.0.201904181610/tools/bin/../lib/gcc/arm-none-eabi/7.3.1/../../../../arm-none-eabi/lib/thumb/v7e-m/fpv4-sp/hard/crt0.o (exit)
c:/st/stm32cubeide_1.2.0/stm32cubeide/plugins/com.st.stm32cube.ide.mcu.externaltools.gnu-tools-for-stm32.7-2018-q2-update.win32_1.0.0.201904181610/tools/bin/../lib/gcc/arm-none-eabi/7.3.1/../../../../arm-none-eabi/lib/thumb/v7e-m/fpv4-sp/hard\libc_nano.a(lib_a-impure.o)
                              c:/st/stm32cubeide_1.2.0/stm32cubeide/plugins/com.st.stm32cube.ide.mcu.externaltools.gnu-tools-for-stm32.7-2018-q2-update.win32_1.0.0.201904181610/tools/bin/../lib/gcc/arm-none-eabi/7.3.1/../../../../arm-none-eabi/lib/thumb/v7e-m/fpv4-sp/hard\libc_nano.a(lib_a-exit.o) (_global_impure_ptr)
c:/st/stm32cubeide_1.2.0/stm32cubeide/plugins/com.st.stm32cube.ide.mcu.externaltools.gnu-tools-for-stm32.7-2018-q2-update.win32_1.0.0.201904181610/tools/bin/../lib/gcc/arm-none-eabi/7.3.1/../../../../arm-none-eabi/lib/thumb/v7e-m/fpv4-sp/hard\libc_nano.a(lib_a-init.o)
                              c:/st/stm32cubeide_1.2.0/stm32cubeide/plugins/com.st.stm32cube.ide.mcu.externaltools.gnu-tools-for-stm32.7-2018-q2-update.win32_1.0.0.201904181610/tools/bin/../lib/gcc/arm-none-eabi/7.3.1/../../../../arm-none-eabi/lib/thumb/v7e-m/fpv4-sp/hard/crt0.o (__libc_init_array)
c:/st/stm32cubeide_1.2.0/stm32cubeide/plugins/com.st.stm32cube.ide.mcu.externaltools.gnu-tools-for-stm32.7-2018-q2-update.win32_1.0.0.201904181610/tools/bin/../lib/gcc/arm-none-eabi/7.3.1/../../../../arm-none-eabi/lib/thumb/v7e-m/fpv4-sp/hard\libc_nano.a(lib_a-memcpy-stub.o)
                              Middlewares/Third_Party/FreeRTOS/Source/queue.o (memcpy)
c:/st/stm32cubeide_1.2.0/stm32cubeide/plugins/com.st.stm32cube.ide.mcu.externaltools.gnu-tools-for-stm32.7-2018-q2-update.win32_1.0.0.201904181610/tools/bin/../lib/gcc/arm-none-eabi/7.3.1/../../../../arm-none-eabi/lib/thumb/v7e-m/fpv4-sp/hard\libc_nano.a(lib_a-memset.o)
                              c:/st/stm32cubeide_1.2.0/stm32cubeide/plugins/com.st.stm32cube.ide.mcu.externaltools.gnu-tools-for-stm32.7-2018-q2-update.win32_1.0.0.201904181610/tools/bin/../lib/gcc/arm-none-eabi/7.3.1/../../../../arm-none-eabi/lib/thumb/v7e-m/fpv4-sp/hard/crt0.o (memset)
c:/st/stm32cubeide_1.2.0/stm32cubeide/plugins/com.st.stm32cube.ide.mcu.externaltools.gnu-tools-for-stm32.7-2018-q2-update.win32_1.0.0.201904181610/tools/bin/../lib/gcc/arm-none-eabi/7.3.1/thumb/v7e-m/fpv4-sp/hard\libgcc.a(_aeabi_uldivmod.o)
                              Drivers/STM32F4xx_HAL_Driver/Src/stm32f4xx_hal_rcc.o (__aeabi_uldivmod)
c:/st/stm32cubeide_1.2.0/stm32cubeide/plugins/com.st.stm32cube.ide.mcu.externaltools.gnu-tools-for-stm32.7-2018-q2-update.win32_1.0.0.201904181610/tools/bin/../lib/gcc/arm-none-eabi/7.3.1/thumb/v7e-m/fpv4-sp/hard\libgcc.a(_udivmoddi4.o)
                              c:/st/stm32cubeide_1.2.0/stm32cubeide/plugins/com.st.stm32cube.ide.mcu.externaltools.gnu-tools-for-stm32.7-2018-q2-update.win32_1.0.0.201904181610/tools/bin/../lib/gcc/arm-none-eabi/7.3.1/thumb/v7e-m/fpv4-sp/hard\libgcc.a(_aeabi_uldivmod.o) (__udivmoddi4)
c:/st/stm32cubeide_1.2.0/stm32cubeide/plugins/com.st.stm32cube.ide.mcu.externaltools.gnu-tools-for-stm32.7-2018-q2-update.win32_1.0.0.201904181610/tools/bin/../lib/gcc/arm-none-eabi/7.3.1/thumb/v7e-m/fpv4-sp/hard\libgcc.a(_dvmd_tls.o)
                              c:/st/stm32cubeide_1.2.0/stm32cubeide/plugins/com.st.stm32cube.ide.mcu.externaltools.gnu-tools-for-stm32.7-2018-q2-update.win32_1.0.0.201904181610/tools/bin/../lib/gcc/arm-none-eabi/7.3.1/thumb/v7e-m/fpv4-sp/hard\libgcc.a(_aeabi_uldivmod.o) (__aeabi_ldiv0)

Allocating common symbols
Common symbol       size              file

defaultTaskHandle   0x4               Core/Src/main.o
LedQueueHandle      0x4               Core/Src/main.o
AdcReadsQueueHandle
                    0x4               Core/Src/main.o
BinarySemaphoreADCHandle
                    0x4               Core/Src/main.o
UsartQueueHandle    0x4               Core/Src/main.o
BinarySemaphoreDmaADCHandle
                    0x4               Core/Src/main.o
LED_TaskHandle      0x4               Core/Src/main.o
[...]
Memory Configuration

Name             Origin             Length             Attributes
RAM              0x0000000020000000 0x0000000000018000 xrw
FLASH            0x0000000008000000 0x0000000000080000 xr
*default*        0x0000000000000000 0xffffffffffffffff

Linker script and memory map

LOAD c:/st/stm32cubeide_1.2.0/stm32cubeide/plugins/com.st.stm32cube.ide.mcu.externaltools.gnu-tools-for-stm32.7-2018-q2-update.win32_1.0.0.201904181610/tools/bin/../lib/gcc/arm-none-eabi/7.3.1/thumb/v7e-m/fpv4-sp/hard/crti.o
LOAD c:/st/stm32cubeide_1.2.0/stm32cubeide/plugins/com.st.stm32cube.ide.mcu.externaltools.gnu-tools-for-stm32.7-2018-q2-update.win32_1.0.0.201904181610/tools/bin/../lib/gcc/arm-none-eabi/7.3.1/thumb/v7e-m/fpv4-sp/hard/crtbegin.o
LOAD c:/st/stm32cubeide_1.2.0/stm32cubeide/plugins/com.st.stm32cube.ide.mcu.externaltools.gnu-tools-for-stm32.7-2018-q2-update.win32_1.0.0.201904181610/tools/bin/../lib/gcc/arm-none-eabi/7.3.1/../../../../arm-none-eabi/lib/thumb/v7e-m/fpv4-sp/hard/crt0.o
LOAD Core/Src/freertos.o
LOAD Core/Src/main.o
LOAD Core/Src/stm32f4xx_hal_msp.o
LOAD Core/Src/stm32f4xx_hal_timebase_tim.o
LOAD Core/Src/stm32f4xx_it.o
LOAD Core/Src/syscalls.o
LOAD Core/Src/sysmem.o
LOAD Core/Src/system_stm32f4xx.o
LOAD Core/Startup/startup_stm32f401retx.o
LOAD Drivers/STM32F4xx_HAL_Driver/Src/stm32f4xx_hal.o
LOAD Drivers/STM32F4xx_HAL_Driver/Src/stm32f4xx_hal_adc.o
LOAD Drivers/STM32F4xx_HAL_Driver/Src/stm32f4xx_hal_adc_ex.o
LOAD Drivers/STM32F4xx_HAL_Driver/Src/stm32f4xx_hal_cortex.o
LOAD Drivers/STM32F4xx_HAL_Driver/Src/stm32f4xx_hal_dma.o
LOAD Drivers/STM32F4xx_HAL_Driver/Src/stm32f4xx_hal_dma_ex.o
LOAD Drivers/STM32F4xx_HAL_Driver/Src/stm32f4xx_hal_exti.o
LOAD Drivers/STM32F4xx_HAL_Driver/Src/stm32f4xx_hal_flash.o
LOAD Drivers/STM32F4xx_HAL_Driver/Src/stm32f4xx_hal_flash_ex.o
LOAD Drivers/STM32F4xx_HAL_Driver/Src/stm32f4xx_hal_flash_ramfunc.o
LOAD Drivers/STM32F4xx_HAL_Driver/Src/stm32f4xx_hal_gpio.o
LOAD Drivers/STM32F4xx_HAL_Driver/Src/stm32f4xx_hal_pwr.o
LOAD Drivers/STM32F4xx_HAL_Driver/Src/stm32f4xx_hal_pwr_ex.o
LOAD Drivers/STM32F4xx_HAL_Driver/Src/stm32f4xx_hal_rcc.o
LOAD Drivers/STM32F4xx_HAL_Driver/Src/stm32f4xx_hal_rcc_ex.o
LOAD Drivers/STM32F4xx_HAL_Driver/Src/stm32f4xx_hal_tim.o
LOAD Drivers/STM32F4xx_HAL_Driver/Src/stm32f4xx_hal_tim_ex.o
LOAD Drivers/STM32F4xx_HAL_Driver/Src/stm32f4xx_hal_uart.o
LOAD Middlewares/Third_Party/FreeRTOS/Source/CMSIS_RTOS/cmsis_os.o
LOAD Middlewares/Third_Party/FreeRTOS/Source/croutine.o
LOAD Middlewares/Third_Party/FreeRTOS/Source/event_groups.o
LOAD Middlewares/Third_Party/FreeRTOS/Source/list.o
LOAD Middlewares/Third_Party/FreeRTOS/Source/queue.o
LOAD Middlewares/Third_Party/FreeRTOS/Source/stream_buffer.o
LOAD Middlewares/Third_Party/FreeRTOS/Source/tasks.o
LOAD Middlewares/Third_Party/FreeRTOS/Source/timers.o
LOAD Middlewares/Third_Party/FreeRTOS/Source/portable/GCC/ARM_CM4F/port.o
LOAD Middlewares/Third_Party/FreeRTOS/Source/portable/MemMang/heap_4.o
START GROUP
LOAD c:/st/stm32cubeide_1.2.0/stm32cubeide/plugins/com.st.stm32cube.ide.mcu.externaltools.gnu-tools-for-stm32.7-2018-q2-update.win32_1.0.0.201904181610/tools/bin/../lib/gcc/arm-none-eabi/7.3.1/../../../../arm-none-eabi/lib/thumb/v7e-m/fpv4-sp/hard\libc_nano.a
LOAD c:/st/stm32cubeide_1.2.0/stm32cubeide/plugins/com.st.stm32cube.ide.mcu.externaltools.gnu-tools-for-stm32.7-2018-q2-update.win32_1.0.0.201904181610/tools/bin/../lib/gcc/arm-none-eabi/7.3.1/../../../../arm-none-eabi/lib/thumb/v7e-m/fpv4-sp/hard\libm.a
END GROUP
START GROUP
LOAD c:/st/stm32cubeide_1.2.0/stm32cubeide/plugins/com.st.stm32cube.ide.mcu.externaltools.gnu-tools-for-stm32.7-2018-q2-update.win32_1.0.0.201904181610/tools/bin/../lib/gcc/arm-none-eabi/7.3.1/thumb/v7e-m/fpv4-sp/hard\libgcc.a
LOAD c:/st/stm32cubeide_1.2.0/stm32cubeide/plugins/com.st.stm32cube.ide.mcu.externaltools.gnu-tools-for-stm32.7-2018-q2-update.win32_1.0.0.201904181610/tools/bin/../lib/gcc/arm-none-eabi/7.3.1/../../../../arm-none-eabi/lib/thumb/v7e-m/fpv4-sp/hard\libc_nano.a
END GROUP
START GROUP
LOAD c:/st/stm32cubeide_1.2.0/stm32cubeide/plugins/com.st.stm32cube.ide.mcu.externaltools.gnu-tools-for-stm32.7-2018-q2-update.win32_1.0.0.201904181610/tools/bin/../lib/gcc/arm-none-eabi/7.3.1/thumb/v7e-m/fpv4-sp/hard\libgcc.a
LOAD c:/st/stm32cubeide_1.2.0/stm32cubeide/plugins/com.st.stm32cube.ide.mcu.externaltools.gnu-tools-for-stm32.7-2018-q2-update.win32_1.0.0.201904181610/tools/bin/../lib/gcc/arm-none-eabi/7.3.1/../../../../arm-none-eabi/lib/thumb/v7e-m/fpv4-sp/hard\libc_nano.a
LOAD c:/st/stm32cubeide_1.2.0/stm32cubeide/plugins/com.st.stm32cube.ide.mcu.externaltools.gnu-tools-for-stm32.7-2018-q2-update.win32_1.0.0.201904181610/tools/bin/../lib/gcc/arm-none-eabi/7.3.1/../../../../arm-none-eabi/lib/thumb/v7e-m/fpv4-sp/hard\libnosys.a
END GROUP
START GROUP
LOAD c:/st/stm32cubeide_1.2.0/stm32cubeide/plugins/com.st.stm32cube.ide.mcu.externaltools.gnu-tools-for-stm32.7-2018-q2-update.win32_1.0.0.201904181610/tools/bin/../lib/gcc/arm-none-eabi/7.3.1/thumb/v7e-m/fpv4-sp/hard\libgcc.a
LOAD c:/st/stm32cubeide_1.2.0/stm32cubeide/plugins/com.st.stm32cube.ide.mcu.externaltools.gnu-tools-for-stm32.7-2018-q2-update.win32_1.0.0.201904181610/tools/bin/../lib/gcc/arm-none-eabi/7.3.1/../../../../arm-none-eabi/lib/thumb/v7e-m/fpv4-sp/hard\libc_nano.a
LOAD c:/st/stm32cubeide_1.2.0/stm32cubeide/plugins/com.st.stm32cube.ide.mcu.externaltools.gnu-tools-for-stm32.7-2018-q2-update.win32_1.0.0.201904181610/tools/bin/../lib/gcc/arm-none-eabi/7.3.1/../../../../arm-none-eabi/lib/thumb/v7e-m/fpv4-sp/hard\libnosys.a
END GROUP
LOAD c:/st/stm32cubeide_1.2.0/stm32cubeide/plugins/com.st.stm32cube.ide.mcu.externaltools.gnu-tools-for-stm32.7-2018-q2-update.win32_1.0.0.201904181610/tools/bin/../lib/gcc/arm-none-eabi/7.3.1/thumb/v7e-m/fpv4-sp/hard/crtend.o
LOAD c:/st/stm32cubeide_1.2.0/stm32cubeide/plugins/com.st.stm32cube.ide.mcu.externaltools.gnu-tools-for-stm32.7-2018-q2-update.win32_1.0.0.201904181610/tools/bin/../lib/gcc/arm-none-eabi/7.3.1/thumb/v7e-m/fpv4-sp/hard/crtn.o
                0x0000000020018000                _estack = (ORIGIN (RAM) + LENGTH (RAM))
                0x0000000000000200                _Min_Heap_Size = 0x200
                0x0000000000000400                _Min_Stack_Size = 0x400

.isr_vector     0x0000000008000000      0x194
                0x0000000008000000                . = ALIGN (0x4)
 *(.isr_vector)
 .isr_vector    0x0000000008000000      0x194 Core/Startup/startup_stm32f401retx.o
                0x0000000008000000                g_pfnVectors
                0x0000000008000194                . = ALIGN (0x4)

.text           0x00000000080001a0     0x68c4
                0x00000000080001a0                . = ALIGN (0x4)
 *(.text)
 .text          0x00000000080001a0       0x40 c:/st/stm32cubeide_1.2.0/stm32cubeide/plugins/com.st.stm32cube.ide.mcu.externaltools.gnu-tools-for-stm32.7-2018-q2-update.win32_1.0.0.201904181610/tools/bin/../lib/gcc/arm-none-eabi/7.3.1/thumb/v7e-m/fpv4-sp/hard/crtbegin.o
 .text          0x00000000080001e0       0x30 c:/st/stm32cubeide_1.2.0/stm32cubeide/plugins/com.st.stm32cube.ide.mcu.externaltools.gnu-tools-for-stm32.7-2018-q2-update.win32_1.0.0.201904181610/tools/bin/../lib/gcc/arm-none-eabi/7.3.1/thumb/v7e-m/fpv4-sp/hard\libgcc.a(_aeabi_uldivmod.o)
                0x00000000080001e0                __aeabi_uldivmod
 .text          0x0000000008000210      0x2cc c:/st/stm32cubeide_1.2.0/stm32cubeide/plugins/com.st.stm32cube.ide.mcu.externaltools.gnu-tools-for-stm32.7-2018-q2-update.win32_1.0.0.201904181610/tools/bin/../lib/gcc/arm-none-eabi/7.3.1/thumb/v7e-m/fpv4-sp/hard\libgcc.a(_udivmoddi4.o)
                0x0000000008000210                __udivmoddi4
 .text          0x00000000080004dc        0x4 c:/st/stm32cubeide_1.2.0/stm32cubeide/plugins/com.st.stm32cube.ide.mcu.externaltools.gnu-tools-for-stm32.7-2018-q2-update.win32_1.0.0.201904181610/tools/bin/../lib/gcc/arm-none-eabi/7.3.1/thumb/v7e-m/fpv4-sp/hard\libgcc.a(_dvmd_tls.o)
                0x00000000080004dc                __aeabi_idiv0
                0x00000000080004dc                __aeabi_ldiv0
 *(.text*)
 .text.vApplicationGetIdleTaskMemory
                0x00000000080004e0       0x34 Core/Src/freertos.o
                0x00000000080004e0                vApplicationGetIdleTaskMemory
 .text.main     0x0000000008000514      0x1ac Core/Src/main.o
                0x0000000008000514                main
 .text.SystemClock_Config
                0x00000000080006c0       0xd8 Core/Src/main.o
                0x00000000080006c0                SystemClock_Config
 .text.MX_ADC1_Init
                0x0000000008000798       0xa4 Core/Src/main.o
 .text.MX_USART2_UART_Init
                0x000000000800083c       0x54 Core/Src/main.o
 .text.MX_DMA_Init
                0x0000000008000890       0x40 Core/Src/main.o
 .text.MX_GPIO_Init
                0x00000000080008d0       0xe0 Core/Src/main.o
 .text.HAL_UART_RxCpltCallback
                0x00000000080009b0       0x2c Core/Src/main.o
                0x00000000080009b0                HAL_UART_RxCpltCallback
 .text.HAL_ADC_ConvCpltCallback
                0x00000000080009dc       0x20 Core/Src/main.o
                0x00000000080009dc                HAL_ADC_ConvCpltCallback
 .text.StartDefaultTask
                0x00000000080009fc       0x12 Core/Src/main.o
                0x00000000080009fc                StartDefaultTask
 *fill*         0x0000000008000a0e        0x2 
 .text.StartUsartTask
                0x0000000008000a10      0x35c Core/Src/main.o
                0x0000000008000a10                StartUsartTask
 .text.StartLedTask
                0x0000000008000d6c       0x5c Core/Src/main.o
                0x0000000008000d6c                StartLedTask
 .text.StartAdcTask
                0x0000000008000dc8       0x60 Core/Src/main.o
                0x0000000008000dc8                StartAdcTask
 .text.HAL_TIM_PeriodElapsedCallback
                0x0000000008000e28       0x24 Core/Src/main.o
                0x0000000008000e28                HAL_TIM_PeriodElapsedCallback
 .text.Error_Handler
                0x0000000008000e4c        0xe Core/Src/main.o
                0x0000000008000e4c                Error_Handler
 *fill*         0x0000000008000e5a        0x2 
 .text.HAL_MspInit
                0x0000000008000e5c       0x58 Core/Src/stm32f4xx_hal_msp.o
                0x0000000008000e5c                HAL_MspInit
 .text.HAL_ADC_MspInit
                0x0000000008000eb4       0xf0 Core/Src/stm32f4xx_hal_msp.o
                0x0000000008000eb4                HAL_ADC_MspInit
 .text.HAL_UART_MspInit
                0x0000000008000fa4       0xa0 Core/Src/stm32f4xx_hal_msp.o
                0x0000000008000fa4                HAL_UART_MspInit
 .text.HAL_InitTick
                0x0000000008001044       0xb0 Core/Src/stm32f4xx_hal_timebase_tim.o
                0x0000000008001044                HAL_InitTick
 .text.NMI_Handler
                0x00000000080010f4        0xe Core/Src/stm32f4xx_it.o
                0x00000000080010f4                NMI_Handler
 .text.HardFault_Handler
                0x0000000008001102        0x6 Core/Src/stm32f4xx_it.o
                0x0000000008001102                HardFault_Handler
 .text.MemManage_Handler
                0x0000000008001108        0x6 Core/Src/stm32f4xx_it.o
                0x0000000008001108                MemManage_Handler
 .text.BusFault_Handler
                0x000000000800110e        0x6 Core/Src/stm32f4xx_it.o
                0x000000000800110e                BusFault_Handler
 .text.UsageFault_Handler
                0x0000000008001114        0x6 Core/Src/stm32f4xx_it.o
                0x0000000008001114                UsageFault_Handler
 .text.DebugMon_Handler
                0x000000000800111a        0xe Core/Src/stm32f4xx_it.o
                0x000000000800111a                DebugMon_Handler
 .text.TIM1_UP_TIM10_IRQHandler
                0x0000000008001128       0x14 Core/Src/stm32f4xx_it.o
                0x0000000008001128                TIM1_UP_TIM10_IRQHandler
 .text.USART2_IRQHandler
                0x000000000800113c       0x14 Core/Src/stm32f4xx_it.o
                0x000000000800113c                USART2_IRQHandler
 .text.DMA2_Stream0_IRQHandler
                0x0000000008001150       0x14 Core/Src/stm32f4xx_it.o
                0x0000000008001150                DMA2_Stream0_IRQHandler
 .text.SystemInit
                0x0000000008001164       0x2c Core/Src/system_stm32f4xx.o
                0x0000000008001164                SystemInit
 .text.Reset_Handler
                0x0000000008001190       0x50 Core/Startup/startup_stm32f401retx.o
                0x0000000008001190                Reset_Handler
 .text.Default_Handler
                0x00000000080011e0        0x2 Core/Startup/startup_stm32f401retx.o
                0x00000000080011e0                RTC_Alarm_IRQHandler
                0x00000000080011e0                EXTI2_IRQHandler
                0x00000000080011e0                SPI4_IRQHandler
                0x00000000080011e0                TIM1_CC_IRQHandler
                0x00000000080011e0                DMA2_Stream5_IRQHandler
                0x00000000080011e0                DMA1_Stream5_IRQHandler
                0x00000000080011e0                PVD_IRQHandler
                0x00000000080011e0                SDIO_IRQHandler
                0x00000000080011e0                TAMP_STAMP_IRQHandler
                0x00000000080011e0                EXTI3_IRQHandler
                0x00000000080011e0                I2C3_ER_IRQHandler
                0x00000000080011e0                EXTI0_IRQHandler
                0x00000000080011e0                I2C2_EV_IRQHandler
                0x00000000080011e0                DMA1_Stream2_IRQHandler
                0x00000000080011e0                FPU_IRQHandler
                0x00000000080011e0                DMA2_Stream2_IRQHandler
                0x00000000080011e0                SPI1_IRQHandler
                0x00000000080011e0                TIM1_BRK_TIM9_IRQHandler
                0x00000000080011e0                DMA2_Stream3_IRQHandler
                0x00000000080011e0                USART6_IRQHandler
                0x00000000080011e0                TIM4_IRQHandler
                0x00000000080011e0                I2C1_EV_IRQHandler
                0x00000000080011e0                DMA1_Stream6_IRQHandler
                0x00000000080011e0                DMA1_Stream1_IRQHandler
                0x00000000080011e0                TIM3_IRQHandler
                0x00000000080011e0                RCC_IRQHandler
                0x00000000080011e0                Default_Handler
                0x00000000080011e0                EXTI15_10_IRQHandler
                0x00000000080011e0                ADC_IRQHandler
                0x00000000080011e0                DMA1_Stream7_IRQHandler
                0x00000000080011e0                TIM5_IRQHandler
                0x00000000080011e0                DMA2_Stream7_IRQHandler
                0x00000000080011e0                I2C3_EV_IRQHandler
                0x00000000080011e0                EXTI9_5_IRQHandler
                0x00000000080011e0                RTC_WKUP_IRQHandler
                0x00000000080011e0                SPI2_IRQHandler
                0x00000000080011e0                DMA1_Stream0_IRQHandler
                0x00000000080011e0                EXTI4_IRQHandler
                0x00000000080011e0                WWDG_IRQHandler
                0x00000000080011e0                TIM2_IRQHandler
                0x00000000080011e0                OTG_FS_WKUP_IRQHandler
                0x00000000080011e0                TIM1_TRG_COM_TIM11_IRQHandler
                0x00000000080011e0                EXTI1_IRQHandler
                0x00000000080011e0                I2C2_ER_IRQHandler
                0x00000000080011e0                DMA2_Stream1_IRQHandler
                0x00000000080011e0                FLASH_IRQHandler
                0x00000000080011e0                DMA2_Stream4_IRQHandler
                0x00000000080011e0                USART1_IRQHandler
                0x00000000080011e0                OTG_FS_IRQHandler
                0x00000000080011e0                SPI3_IRQHandler
                0x00000000080011e0                DMA1_Stream4_IRQHandler
                0x00000000080011e0                I2C1_ER_IRQHandler
                0x00000000080011e0                DMA2_Stream6_IRQHandler
                0x00000000080011e0                DMA1_Stream3_IRQHandler
 *fill*         0x00000000080011e2        0x2 
 .text.HAL_Init
                0x00000000080011e4       0x44 Drivers/STM32F4xx_HAL_Driver/Src/stm32f4xx_hal.o
                0x00000000080011e4                HAL_Init
 .text.HAL_IncTick
                0x0000000008001228       0x28 Drivers/STM32F4xx_HAL_Driver/Src/stm32f4xx_hal.o
                0x0000000008001228                HAL_IncTick
 .text.HAL_GetTick
                0x0000000008001250       0x18 Drivers/STM32F4xx_HAL_Driver/Src/stm32f4xx_hal.o
                0x0000000008001250                HAL_GetTick
 .text.HAL_ADC_Init
                0x0000000008001268       0x86 Drivers/STM32F4xx_HAL_Driver/Src/stm32f4xx_hal_adc.o
                0x0000000008001268                HAL_ADC_Init
 *fill*         0x00000000080012ee        0x2 
 .text.HAL_ADC_Start_DMA
                0x00000000080012f0      0x1a8 Drivers/STM32F4xx_HAL_Driver/Src/stm32f4xx_hal_adc.o
                0x00000000080012f0                HAL_ADC_Start_DMA
 .text.HAL_ADC_ConvHalfCpltCallback
                0x0000000008001498       0x14 Drivers/STM32F4xx_HAL_Driver/Src/stm32f4xx_hal_adc.o
                0x0000000008001498                HAL_ADC_ConvHalfCpltCallback
 .text.HAL_ADC_ErrorCallback
                0x00000000080014ac       0x14 Drivers/STM32F4xx_HAL_Driver/Src/stm32f4xx_hal_adc.o
                0x00000000080014ac                HAL_ADC_ErrorCallback
 .text.HAL_ADC_ConfigChannel
                0x00000000080014c0      0x244 Drivers/STM32F4xx_HAL_Driver/Src/stm32f4xx_hal_adc.o
                0x00000000080014c0                HAL_ADC_ConfigChannel
 .text.ADC_Init
                0x0000000008001704      0x1f8 Drivers/STM32F4xx_HAL_Driver/Src/stm32f4xx_hal_adc.o
 .text.ADC_DMAConvCplt
                0x00000000080018fc       0xba Drivers/STM32F4xx_HAL_Driver/Src/stm32f4xx_hal_adc.o
 .text.ADC_DMAHalfConvCplt
                0x00000000080019b6       0x1c Drivers/STM32F4xx_HAL_Driver/Src/stm32f4xx_hal_adc.o
 .text.ADC_DMAError
                0x00000000080019d2       0x2e Drivers/STM32F4xx_HAL_Driver/Src/stm32f4xx_hal_adc.o
 .text.__NVIC_SetPriorityGrouping
                0x0000000008001a00       0x48 Drivers/STM32F4xx_HAL_Driver/Src/stm32f4xx_hal_cortex.o
 .text.__NVIC_GetPriorityGrouping
                0x0000000008001a48       0x1c Drivers/STM32F4xx_HAL_Driver/Src/stm32f4xx_hal_cortex.o
 .text.__NVIC_EnableIRQ
                0x0000000008001a64       0x3c Drivers/STM32F4xx_HAL_Driver/Src/stm32f4xx_hal_cortex.o
 .text.__NVIC_SetPriority
                0x0000000008001aa0       0x54 Drivers/STM32F4xx_HAL_Driver/Src/stm32f4xx_hal_cortex.o
 .text.NVIC_EncodePriority
                0x0000000008001af4       0x66 Drivers/STM32F4xx_HAL_Driver/Src/stm32f4xx_hal_cortex.o
 .text.HAL_NVIC_SetPriorityGrouping
                0x0000000008001b5a       0x16 Drivers/STM32F4xx_HAL_Driver/Src/stm32f4xx_hal_cortex.o
                0x0000000008001b5a                HAL_NVIC_SetPriorityGrouping
 .text.HAL_NVIC_SetPriority
                0x0000000008001b70       0x38 Drivers/STM32F4xx_HAL_Driver/Src/stm32f4xx_hal_cortex.o
                0x0000000008001b70                HAL_NVIC_SetPriority
 .text.HAL_NVIC_EnableIRQ
                0x0000000008001ba8       0x1c Drivers/STM32F4xx_HAL_Driver/Src/stm32f4xx_hal_cortex.o
                0x0000000008001ba8                HAL_NVIC_EnableIRQ
 .text.HAL_DMA_Init
                0x0000000008001bc4      0x15c Drivers/STM32F4xx_HAL_Driver/Src/stm32f4xx_hal_dma.o
                0x0000000008001bc4                HAL_DMA_Init
 .text.HAL_DMA_Start_IT
                0x0000000008001d20       0xb0 Drivers/STM32F4xx_HAL_Driver/Src/stm32f4xx_hal_dma.o
                0x0000000008001d20                HAL_DMA_Start_IT
 .text.HAL_DMA_Abort_IT
                0x0000000008001dd0       0x44 Drivers/STM32F4xx_HAL_Driver/Src/stm32f4xx_hal_dma.o
                0x0000000008001dd0                HAL_DMA_Abort_IT
 .text.HAL_DMA_IRQHandler
                0x0000000008001e14      0x314 Drivers/STM32F4xx_HAL_Driver/Src/stm32f4xx_hal_dma.o
                0x0000000008001e14                HAL_DMA_IRQHandler
 .text.DMA_SetConfig
                0x0000000008002128       0x5c Drivers/STM32F4xx_HAL_Driver/Src/stm32f4xx_hal_dma.o
 .text.DMA_CalcBaseAndBitshift
                0x0000000008002184       0x6c Drivers/STM32F4xx_HAL_Driver/Src/stm32f4xx_hal_dma.o
 .text.DMA_CheckFifoParam
                0x00000000080021f0       0xf4 Drivers/STM32F4xx_HAL_Driver/Src/stm32f4xx_hal_dma.o
 .text.HAL_GPIO_Init
                0x00000000080022e4      0x304 Drivers/STM32F4xx_HAL_Driver/Src/stm32f4xx_hal_gpio.o
                0x00000000080022e4                HAL_GPIO_Init
 .text.HAL_GPIO_WritePin
                0x00000000080025e8       0x32 Drivers/STM32F4xx_HAL_Driver/Src/stm32f4xx_hal_gpio.o
                0x00000000080025e8                HAL_GPIO_WritePin
 .text.HAL_GPIO_TogglePin
                0x000000000800261a       0x36 Drivers/STM32F4xx_HAL_Driver/Src/stm32f4xx_hal_gpio.o
                0x000000000800261a                HAL_GPIO_TogglePin
 .text.HAL_RCC_OscConfig
                0x0000000008002650      0x4e0 Drivers/STM32F4xx_HAL_Driver/Src/stm32f4xx_hal_rcc.o
                0x0000000008002650                HAL_RCC_OscConfig
 .text.HAL_RCC_ClockConfig
                0x0000000008002b30      0x1cc Drivers/STM32F4xx_HAL_Driver/Src/stm32f4xx_hal_rcc.o
                0x0000000008002b30                HAL_RCC_ClockConfig
 .text.HAL_RCC_GetSysClockFreq
                0x0000000008002cfc      0x1b0 Drivers/STM32F4xx_HAL_Driver/Src/stm32f4xx_hal_rcc.o
                0x0000000008002cfc                HAL_RCC_GetSysClockFreq
 .text.HAL_RCC_GetHCLKFreq
                0x0000000008002eac       0x18 Drivers/STM32F4xx_HAL_Driver/Src/stm32f4xx_hal_rcc.o
                0x0000000008002eac                HAL_RCC_GetHCLKFreq
 .text.HAL_RCC_GetPCLK1Freq
                0x0000000008002ec4       0x28 Drivers/STM32F4xx_HAL_Driver/Src/stm32f4xx_hal_rcc.o
                0x0000000008002ec4                HAL_RCC_GetPCLK1Freq
 .text.HAL_RCC_GetPCLK2Freq
                0x0000000008002eec       0x28 Drivers/STM32F4xx_HAL_Driver/Src/stm32f4xx_hal_rcc.o
                0x0000000008002eec                HAL_RCC_GetPCLK2Freq
 .text.HAL_RCC_GetClockConfig
                0x0000000008002f14       0x64 Drivers/STM32F4xx_HAL_Driver/Src/stm32f4xx_hal_rcc.o
                0x0000000008002f14                HAL_RCC_GetClockConfig
 .text.HAL_TIM_Base_Init
                0x0000000008002f78       0x56 Drivers/STM32F4xx_HAL_Driver/Src/stm32f4xx_hal_tim.o
                0x0000000008002f78                HAL_TIM_Base_Init
 .text.HAL_TIM_Base_MspInit
                0x0000000008002fce       0x14 Drivers/STM32F4xx_HAL_Driver/Src/stm32f4xx_hal_tim.o
                0x0000000008002fce                HAL_TIM_Base_MspInit
 .text.HAL_TIM_Base_Start_IT
                0x0000000008002fe2       0x48 Drivers/STM32F4xx_HAL_Driver/Src/stm32f4xx_hal_tim.o
                0x0000000008002fe2                HAL_TIM_Base_Start_IT
 .text.HAL_TIM_IRQHandler
                0x000000000800302a      0x210 Drivers/STM32F4xx_HAL_Driver/Src/stm32f4xx_hal_tim.o
                0x000000000800302a                HAL_TIM_IRQHandler
 .text.HAL_TIM_OC_DelayElapsedCallback
                0x000000000800323a       0x14 Drivers/STM32F4xx_HAL_Driver/Src/stm32f4xx_hal_tim.o
                0x000000000800323a                HAL_TIM_OC_DelayElapsedCallback
 .text.HAL_TIM_IC_CaptureCallback
                0x000000000800324e       0x14 Drivers/STM32F4xx_HAL_Driver/Src/stm32f4xx_hal_tim.o
                0x000000000800324e                HAL_TIM_IC_CaptureCallback
 .text.HAL_TIM_PWM_PulseFinishedCallback
                0x0000000008003262       0x14 Drivers/STM32F4xx_HAL_Driver/Src/stm32f4xx_hal_tim.o
                0x0000000008003262                HAL_TIM_PWM_PulseFinishedCallback
 .text.HAL_TIM_TriggerCallback
                0x0000000008003276       0x14 Drivers/STM32F4xx_HAL_Driver/Src/stm32f4xx_hal_tim.o
                0x0000000008003276                HAL_TIM_TriggerCallback
 *fill*         0x000000000800328a        0x2 
 .text.TIM_Base_SetConfig
                0x000000000800328c      0x100 Drivers/STM32F4xx_HAL_Driver/Src/stm32f4xx_hal_tim.o
                0x000000000800328c                TIM_Base_SetConfig
 .text.HAL_TIMEx_CommutCallback
                0x000000000800338c       0x14 Drivers/STM32F4xx_HAL_Driver/Src/stm32f4xx_hal_tim_ex.o
                0x000000000800338c                HAL_TIMEx_CommutCallback
 .text.HAL_TIMEx_BreakCallback
                0x00000000080033a0       0x14 Drivers/STM32F4xx_HAL_Driver/Src/stm32f4xx_hal_tim_ex.o
                0x00000000080033a0                HAL_TIMEx_BreakCallback
 .text.HAL_UART_Init
                0x00000000080033b4       0x9a Drivers/STM32F4xx_HAL_Driver/Src/stm32f4xx_hal_uart.o
                0x00000000080033b4                HAL_UART_Init
 .text.HAL_UART_Transmit_IT
                0x000000000800344e       0x8a Drivers/STM32F4xx_HAL_Driver/Src/stm32f4xx_hal_uart.o
                0x000000000800344e                HAL_UART_Transmit_IT
 .text.HAL_UART_Receive_IT
                0x00000000080034d8       0xaa Drivers/STM32F4xx_HAL_Driver/Src/stm32f4xx_hal_uart.o
                0x00000000080034d8                HAL_UART_Receive_IT
 *fill*         0x0000000008003582        0x2 
 .text.HAL_UART_IRQHandler
                0x0000000008003584      0x200 Drivers/STM32F4xx_HAL_Driver/Src/stm32f4xx_hal_uart.o
                0x0000000008003584                HAL_UART_IRQHandler
 .text.HAL_UART_TxCpltCallback
                0x0000000008003784       0x14 Drivers/STM32F4xx_HAL_Driver/Src/stm32f4xx_hal_uart.o
                0x0000000008003784                HAL_UART_TxCpltCallback
 .text.HAL_UART_ErrorCallback
                0x0000000008003798       0x14 Drivers/STM32F4xx_HAL_Driver/Src/stm32f4xx_hal_uart.o
                0x0000000008003798                HAL_UART_ErrorCallback
 .text.UART_EndRxTransfer
                0x00000000080037ac       0x3c Drivers/STM32F4xx_HAL_Driver/Src/stm32f4xx_hal_uart.o
 .text.UART_DMAAbortOnError
                0x00000000080037e8       0x28 Drivers/STM32F4xx_HAL_Driver/Src/stm32f4xx_hal_uart.o
 .text.UART_Transmit_IT
                0x0000000008003810       0xac Drivers/STM32F4xx_HAL_Driver/Src/stm32f4xx_hal_uart.o
 .text.UART_EndTransmit_IT
                0x00000000080038bc       0x30 Drivers/STM32F4xx_HAL_Driver/Src/stm32f4xx_hal_uart.o
 .text.UART_Receive_IT
                0x00000000080038ec      0x102 Drivers/STM32F4xx_HAL_Driver/Src/stm32f4xx_hal_uart.o
 *fill*         0x00000000080039ee        0x2 
 .text.UART_SetConfig
                0x00000000080039f0      0x6f8 Drivers/STM32F4xx_HAL_Driver/Src/stm32f4xx_hal_uart.o
 .text.makeFreeRtosPriority
                0x00000000080040e8       0x30 Middlewares/Third_Party/FreeRTOS/Source/CMSIS_RTOS/cmsis_os.o
 .text.inHandlerMode
                0x0000000008004118       0x24 Middlewares/Third_Party/FreeRTOS/Source/CMSIS_RTOS/cmsis_os.o
 .text.osKernelStart
                0x000000000800413c        0xe Middlewares/Third_Party/FreeRTOS/Source/CMSIS_RTOS/cmsis_os.o
                0x000000000800413c                osKernelStart
 .text.osThreadCreate
                0x000000000800414a       0x98 Middlewares/Third_Party/FreeRTOS/Source/CMSIS_RTOS/cmsis_os.o
                0x000000000800414a                osThreadCreate
 .text.osDelay  0x00000000080041e2       0x28 Middlewares/Third_Party/FreeRTOS/Source/CMSIS_RTOS/cmsis_os.o
                0x00000000080041e2                osDelay
 .text.osSemaphoreCreate
                0x000000000800420a       0x66 Middlewares/Third_Party/FreeRTOS/Source/CMSIS_RTOS/cmsis_os.o
                0x000000000800420a                osSemaphoreCreate
 .text.osSemaphoreWait
                0x0000000008004270       0x9c Middlewares/Third_Party/FreeRTOS/Source/CMSIS_RTOS/cmsis_os.o
                0x0000000008004270                osSemaphoreWait
 .text.osSemaphoreRelease
                0x000000000800430c       0x6c Middlewares/Third_Party/FreeRTOS/Source/CMSIS_RTOS/cmsis_os.o
                0x000000000800430c                osSemaphoreRelease
 .text.osMessageCreate
                0x0000000008004378       0x52 Middlewares/Third_Party/FreeRTOS/Source/CMSIS_RTOS/cmsis_os.o
                0x0000000008004378                osMessageCreate
 .text.vListInitialise
                0x00000000080043ca       0x40 Middlewares/Third_Party/FreeRTOS/Source/list.o
                0x00000000080043ca                vListInitialise
 .text.vListInitialiseItem
                0x000000000800440a       0x1a Middlewares/Third_Party/FreeRTOS/Source/list.o
                0x000000000800440a                vListInitialiseItem
 .text.vListInsertEnd
                0x0000000008004424       0x48 Middlewares/Third_Party/FreeRTOS/Source/list.o
                0x0000000008004424                vListInsertEnd
 .text.vListInsert
                0x000000000800446c       0x72 Middlewares/Third_Party/FreeRTOS/Source/list.o
                0x000000000800446c                vListInsert
 .text.uxListRemove
                0x00000000080044de       0x54 Middlewares/Third_Party/FreeRTOS/Source/list.o
                0x00000000080044de                uxListRemove
 *fill*         0x0000000008004532        0x2 
 .text.xQueueGenericReset
                0x0000000008004534       0xd0 Middlewares/Third_Party/FreeRTOS/Source/queue.o
                0x0000000008004534                xQueueGenericReset
 .text.xQueueGenericCreateStatic
                0x0000000008004604       0xe4 Middlewares/Third_Party/FreeRTOS/Source/queue.o
                0x0000000008004604                xQueueGenericCreateStatic
 .text.xQueueGenericCreate
                0x00000000080046e8       0x7a Middlewares/Third_Party/FreeRTOS/Source/queue.o
                0x00000000080046e8                xQueueGenericCreate
 .text.prvInitialiseNewQueue
                0x0000000008004762       0x3e Middlewares/Third_Party/FreeRTOS/Source/queue.o
 .text.xQueueGenericSend
                0x00000000080047a0      0x1f4 Middlewares/Third_Party/FreeRTOS/Source/queue.o
                0x00000000080047a0                xQueueGenericSend
 .text.xQueueGiveFromISR
                0x0000000008004994      0x112 Middlewares/Third_Party/FreeRTOS/Source/queue.o
                0x0000000008004994                xQueueGiveFromISR
 *fill*         0x0000000008004aa6        0x2 
 .text.xQueueReceive
                0x0000000008004aa8      0x1b8 Middlewares/Third_Party/FreeRTOS/Source/queue.o
                0x0000000008004aa8                xQueueReceive
 .text.xQueueSemaphoreTake
                0x0000000008004c60      0x210 Middlewares/Third_Party/FreeRTOS/Source/queue.o
                0x0000000008004c60                xQueueSemaphoreTake
 .text.xQueueReceiveFromISR
                0x0000000008004e70       0xfa Middlewares/Third_Party/FreeRTOS/Source/queue.o
                0x0000000008004e70                xQueueReceiveFromISR
 .text.prvGetDisinheritPriorityAfterTimeout
                0x0000000008004f6a       0x30 Middlewares/Third_Party/FreeRTOS/Source/queue.o
 .text.prvCopyDataToQueue
                0x0000000008004f9a       0xd4 Middlewares/Third_Party/FreeRTOS/Source/queue.o
 .text.prvCopyDataFromQueue
                0x000000000800506e       0x4c Middlewares/Third_Party/FreeRTOS/Source/queue.o
 .text.prvUnlockQueue
                0x00000000080050ba       0xa4 Middlewares/Third_Party/FreeRTOS/Source/queue.o
 .text.prvIsQueueEmpty
                0x000000000800515e       0x2c Middlewares/Third_Party/FreeRTOS/Source/queue.o
 .text.prvIsQueueFull
                0x000000000800518a       0x30 Middlewares/Third_Party/FreeRTOS/Source/queue.o
 .text.xTaskCreateStatic
                0x00000000080051ba       0xb2 Middlewares/Third_Party/FreeRTOS/Source/tasks.o
                0x00000000080051ba                xTaskCreateStatic
 .text.xTaskCreate
                0x000000000800526c       0x8a Middlewares/Third_Party/FreeRTOS/Source/tasks.o
                0x000000000800526c                xTaskCreate
 .text.prvInitialiseNewTask
                0x00000000080052f6       0xfc Middlewares/Third_Party/FreeRTOS/Source/tasks.o
 *fill*         0x00000000080053f2        0x2 
 .text.prvAddNewTaskToReadyList
                0x00000000080053f4       0xd4 Middlewares/Third_Party/FreeRTOS/Source/tasks.o
 .text.vTaskDelay
                0x00000000080054c8       0x68 Middlewares/Third_Party/FreeRTOS/Source/tasks.o
                0x00000000080054c8                vTaskDelay
 .text.vTaskStartScheduler
                0x0000000008005530       0xbc Middlewares/Third_Party/FreeRTOS/Source/tasks.o
                0x0000000008005530                vTaskStartScheduler
 .text.vTaskSuspendAll
                0x00000000080055ec       0x1c Middlewares/Third_Party/FreeRTOS/Source/tasks.o
                0x00000000080055ec                vTaskSuspendAll
 .text.xTaskResumeAll
                0x0000000008005608      0x138 Middlewares/Third_Party/FreeRTOS/Source/tasks.o
                0x0000000008005608                xTaskResumeAll
 .text.xTaskIncrementTick
                0x0000000008005740      0x178 Middlewares/Third_Party/FreeRTOS/Source/tasks.o
                0x0000000008005740                xTaskIncrementTick
 .text.vTaskSwitchContext
                0x00000000080058b8       0xb4 Middlewares/Third_Party/FreeRTOS/Source/tasks.o
                0x00000000080058b8                vTaskSwitchContext
 .text.vTaskPlaceOnEventList
                0x000000000800596c       0x48 Middlewares/Third_Party/FreeRTOS/Source/tasks.o
                0x000000000800596c                vTaskPlaceOnEventList
 .text.xTaskRemoveFromEventList
                0x00000000080059b4       0xc4 Middlewares/Third_Party/FreeRTOS/Source/tasks.o
                0x00000000080059b4                xTaskRemoveFromEventList
 .text.vTaskInternalSetTimeOutState
                0x0000000008005a78       0x2c Middlewares/Third_Party/FreeRTOS/Source/tasks.o
                0x0000000008005a78                vTaskInternalSetTimeOutState
 .text.xTaskCheckForTimeOut
                0x0000000008005aa4       0xc0 Middlewares/Third_Party/FreeRTOS/Source/tasks.o
                0x0000000008005aa4                xTaskCheckForTimeOut
 .text.vTaskMissedYield
                0x0000000008005b64       0x18 Middlewares/Third_Party/FreeRTOS/Source/tasks.o
                0x0000000008005b64                vTaskMissedYield
 .text.prvIdleTask
                0x0000000008005b7c       0x30 Middlewares/Third_Party/FreeRTOS/Source/tasks.o
 .text.prvInitialiseTaskLists
                0x0000000008005bac       0x80 Middlewares/Third_Party/FreeRTOS/Source/tasks.o
 .text.prvCheckTasksWaitingTermination
                0x0000000008005c2c       0x58 Middlewares/Third_Party/FreeRTOS/Source/tasks.o
 .text.prvDeleteTCB
                0x0000000008005c84       0x5c Middlewares/Third_Party/FreeRTOS/Source/tasks.o
 .text.prvResetNextTaskUnblockTime
                0x0000000008005ce0       0x4c Middlewares/Third_Party/FreeRTOS/Source/tasks.o
 .text.xTaskGetSchedulerState
                0x0000000008005d2c       0x3c Middlewares/Third_Party/FreeRTOS/Source/tasks.o
                0x0000000008005d2c                xTaskGetSchedulerState
 .text.xTaskPriorityInherit
                0x0000000008005d68      0x10c Middlewares/Third_Party/FreeRTOS/Source/tasks.o
                0x0000000008005d68                xTaskPriorityInherit
 .text.xTaskPriorityDisinherit
                0x0000000008005e74      0x108 Middlewares/Third_Party/FreeRTOS/Source/tasks.o
                0x0000000008005e74                xTaskPriorityDisinherit
 .text.vTaskPriorityDisinheritAfterTimeout
                0x0000000008005f7c      0x13c Middlewares/Third_Party/FreeRTOS/Source/tasks.o
                0x0000000008005f7c                vTaskPriorityDisinheritAfterTimeout
 .text.pvTaskIncrementMutexHeldCount
                0x00000000080060b8       0x28 Middlewares/Third_Party/FreeRTOS/Source/tasks.o
                0x00000000080060b8                pvTaskIncrementMutexHeldCount
 .text.prvAddCurrentTaskToDelayedList
                0x00000000080060e0       0xcc Middlewares/Third_Party/FreeRTOS/Source/tasks.o
 .text.pxPortInitialiseStack
                0x00000000080061ac       0x68 Middlewares/Third_Party/FreeRTOS/Source/portable/GCC/ARM_CM4F/port.o
                0x00000000080061ac                pxPortInitialiseStack
 .text.prvTaskExitError
                0x0000000008006214       0x54 Middlewares/Third_Party/FreeRTOS/Source/portable/GCC/ARM_CM4F/port.o
 *fill*         0x0000000008006268        0x8 
 .text.SVC_Handler
                0x0000000008006270       0x28 Middlewares/Third_Party/FreeRTOS/Source/portable/GCC/ARM_CM4F/port.o
                0x0000000008006270                SVC_Handler
 .text.prvPortStartFirstTask
                0x0000000008006298       0x28 Middlewares/Third_Party/FreeRTOS/Source/portable/GCC/ARM_CM4F/port.o
 .text.xPortStartScheduler
                0x00000000080062c0      0x13c Middlewares/Third_Party/FreeRTOS/Source/portable/GCC/ARM_CM4F/port.o
                0x00000000080062c0                xPortStartScheduler
 .text.vPortEnterCritical
                0x00000000080063fc       0x5c Middlewares/Third_Party/FreeRTOS/Source/portable/GCC/ARM_CM4F/port.o
                0x00000000080063fc                vPortEnterCritical
 .text.vPortExitCritical
                0x0000000008006458       0x50 Middlewares/Third_Party/FreeRTOS/Source/portable/GCC/ARM_CM4F/port.o
                0x0000000008006458                vPortExitCritical
 *fill*         0x00000000080064a8        0x8 
 .text.PendSV_Handler
                0x00000000080064b0       0x68 Middlewares/Third_Party/FreeRTOS/Source/portable/GCC/ARM_CM4F/port.o
                0x00000000080064b0                PendSV_Handler
 .text.SysTick_Handler
                0x0000000008006518       0x40 Middlewares/Third_Party/FreeRTOS/Source/portable/GCC/ARM_CM4F/port.o
                0x0000000008006518                SysTick_Handler
 .text.vPortSetupTimerInterrupt
                0x0000000008006558       0x48 Middlewares/Third_Party/FreeRTOS/Source/portable/GCC/ARM_CM4F/port.o
                0x0000000008006558                vPortSetupTimerInterrupt
 .text.vPortEnableVFP
                0x00000000080065a0       0x14 Middlewares/Third_Party/FreeRTOS/Source/portable/GCC/ARM_CM4F/port.o
 .text.vPortValidateInterruptPriority
                0x00000000080065b4       0x7c Middlewares/Third_Party/FreeRTOS/Source/portable/GCC/ARM_CM4F/port.o
                0x00000000080065b4                vPortValidateInterruptPriority
 .text.pvPortMalloc
                0x0000000008006630      0x184 Middlewares/Third_Party/FreeRTOS/Source/portable/MemMang/heap_4.o
                0x0000000008006630                pvPortMalloc
 .text.vPortFree
                0x00000000080067b4       0xb0 Middlewares/Third_Party/FreeRTOS/Source/portable/MemMang/heap_4.o
                0x00000000080067b4                vPortFree
 .text.prvHeapInit
                0x0000000008006864       0xc4 Middlewares/Third_Party/FreeRTOS/Source/portable/MemMang/heap_4.o
 .text.prvInsertBlockIntoFreeList
                0x0000000008006928       0xb4 Middlewares/Third_Party/FreeRTOS/Source/portable/MemMang/heap_4.o
 .text.__libc_init_array
                0x00000000080069dc       0x48 c:/st/stm32cubeide_1.2.0/stm32cubeide/plugins/com.st.stm32cube.ide.mcu.externaltools.gnu-tools-for-stm32.7-2018-q2-update.win32_1.0.0.201904181610/tools/bin/../lib/gcc/arm-none-eabi/7.3.1/../../../../arm-none-eabi/lib/thumb/v7e-m/fpv4-sp/hard\libc_nano.a(lib_a-init.o)
                0x00000000080069dc                __libc_init_array
 .text.memcpy   0x0000000008006a24       0x16 c:/st/stm32cubeide_1.2.0/stm32cubeide/plugins/com.st.stm32cube.ide.mcu.externaltools.gnu-tools-for-stm32.7-2018-q2-update.win32_1.0.0.201904181610/tools/bin/../lib/gcc/arm-none-eabi/7.3.1/../../../../arm-none-eabi/lib/thumb/v7e-m/fpv4-sp/hard\libc_nano.a(lib_a-memcpy-stub.o)
                0x0000000008006a24                memcpy
 .text.memset   0x0000000008006a3a       0x10 c:/st/stm32cubeide_1.2.0/stm32cubeide/plugins/com.st.stm32cube.ide.mcu.externaltools.gnu-tools-for-stm32.7-2018-q2-update.win32_1.0.0.201904181610/tools/bin/../lib/gcc/arm-none-eabi/7.3.1/../../../../arm-none-eabi/lib/thumb/v7e-m/fpv4-sp/hard\libc_nano.a(lib_a-memset.o)
                0x0000000008006a3a                memset
 *(.glue_7)
 .glue_7        0x0000000008006a4a        0x0 linker stubs
 *(.glue_7t)
 .glue_7t       0x0000000008006a4a        0x0 linker stubs
 *(.eh_frame)
 *fill*         0x0000000008006a4a        0x2 
 .eh_frame      0x0000000008006a4c        0x0 c:/st/stm32cubeide_1.2.0/stm32cubeide/plugins/com.st.stm32cube.ide.mcu.externaltools.gnu-tools-for-stm32.7-2018-q2-update.win32_1.0.0.201904181610/tools/bin/../lib/gcc/arm-none-eabi/7.3.1/thumb/v7e-m/fpv4-sp/hard/crtbegin.o
 *(.init)
 .init          0x0000000008006a4c        0x4 c:/st/stm32cubeide_1.2.0/stm32cubeide/plugins/com.st.stm32cube.ide.mcu.externaltools.gnu-tools-for-stm32.7-2018-q2-update.win32_1.0.0.201904181610/tools/bin/../lib/gcc/arm-none-eabi/7.3.1/thumb/v7e-m/fpv4-sp/hard/crti.o
                0x0000000008006a4c                _init
 .init          0x0000000008006a50        0x8 c:/st/stm32cubeide_1.2.0/stm32cubeide/plugins/com.st.stm32cube.ide.mcu.externaltools.gnu-tools-for-stm32.7-2018-q2-update.win32_1.0.0.201904181610/tools/bin/../lib/gcc/arm-none-eabi/7.3.1/thumb/v7e-m/fpv4-sp/hard/crtn.o
 *(.fini)
 .fini          0x0000000008006a58        0x4 c:/st/stm32cubeide_1.2.0/stm32cubeide/plugins/com.st.stm32cube.ide.mcu.externaltools.gnu-tools-for-stm32.7-2018-q2-update.win32_1.0.0.201904181610/tools/bin/../lib/gcc/arm-none-eabi/7.3.1/thumb/v7e-m/fpv4-sp/hard/crti.o
                0x0000000008006a58                _fini
 .fini          0x0000000008006a5c        0x8 c:/st/stm32cubeide_1.2.0/stm32cubeide/plugins/com.st.stm32cube.ide.mcu.externaltools.gnu-tools-for-stm32.7-2018-q2-update.win32_1.0.0.201904181610/tools/bin/../lib/gcc/arm-none-eabi/7.3.1/thumb/v7e-m/fpv4-sp/hard/crtn.o
                0x0000000008006a64                . = ALIGN (0x4)
                0x0000000008006a64                _etext = .

.vfp11_veneer   0x0000000008006a64        0x0
 .vfp11_veneer  0x0000000008006a64        0x0 linker stubs

.v4_bx          0x0000000008006a64        0x0
 .v4_bx         0x0000000008006a64        0x0 linker stubs

.iplt           0x0000000008006a64        0x0
 .iplt          0x0000000008006a64        0x0 c:/st/stm32cubeide_1.2.0/stm32cubeide/plugins/com.st.stm32cube.ide.mcu.externaltools.gnu-tools-for-stm32.7-2018-q2-update.win32_1.0.0.201904181610/tools/bin/../lib/gcc/arm-none-eabi/7.3.1/thumb/v7e-m/fpv4-sp/hard/crtbegin.o

.rodata         0x0000000008006a64       0xec
                0x0000000008006a64                . = ALIGN (0x4)
 *(.rodata)
 .rodata        0x0000000008006a64       0xc4 Core/Src/main.o
 .rodata        0x0000000008006b28        0x5 Middlewares/Third_Party/FreeRTOS/Source/tasks.o
 *(.rodata*)
 *fill*         0x0000000008006b2d        0x3 
 .rodata.AHBPrescTable
                0x0000000008006b30       0x10 Core/Src/system_stm32f4xx.o
                0x0000000008006b30                AHBPrescTable
 .rodata.APBPrescTable
                0x0000000008006b40        0x8 Core/Src/system_stm32f4xx.o
                0x0000000008006b40                APBPrescTable
 .rodata.flagBitshiftOffset.8081
                0x0000000008006b48        0x8 Drivers/STM32F4xx_HAL_Driver/Src/stm32f4xx_hal_dma.o
                0x0000000008006b50                . = ALIGN (0x4)

.ARM.extab      0x0000000008006b50        0x0
                0x0000000008006b50                . = ALIGN (0x4)
 *(.ARM.extab* .gnu.linkonce.armextab.*)
                0x0000000008006b50                . = ALIGN (0x4)

.ARM            0x0000000008006b50        0x8
                0x0000000008006b50                . = ALIGN (0x4)
                0x0000000008006b50                __exidx_start = .
 *(.ARM.exidx*)
 .ARM.exidx     0x0000000008006b50        0x8 c:/st/stm32cubeide_1.2.0/stm32cubeide/plugins/com.st.stm32cube.ide.mcu.externaltools.gnu-tools-for-stm32.7-2018-q2-update.win32_1.0.0.201904181610/tools/bin/../lib/gcc/arm-none-eabi/7.3.1/thumb/v7e-m/fpv4-sp/hard\libgcc.a(_udivmoddi4.o)
                0x0000000008006b58                __exidx_end = .
                0x0000000008006b58                . = ALIGN (0x4)

.rel.dyn        0x0000000008006b58        0x0
 .rel.iplt      0x0000000008006b58        0x0 c:/st/stm32cubeide_1.2.0/stm32cubeide/plugins/com.st.stm32cube.ide.mcu.externaltools.gnu-tools-for-stm32.7-2018-q2-update.win32_1.0.0.201904181610/tools/bin/../lib/gcc/arm-none-eabi/7.3.1/thumb/v7e-m/fpv4-sp/hard/crtbegin.o

.preinit_array  0x0000000008006b58        0x0
                0x0000000008006b58                . = ALIGN (0x4)
                0x0000000008006b58                PROVIDE (__preinit_array_start = .)
 *(.preinit_array*)
                0x0000000008006b58                PROVIDE (__preinit_array_end = .)
                0x0000000008006b58                . = ALIGN (0x4)

.init_array     0x0000000008006b58        0x4
                0x0000000008006b58                . = ALIGN (0x4)
                0x0000000008006b58                PROVIDE (__init_array_start = .)
 *(SORT_BY_NAME(.init_array.*))
 *(.init_array*)
 .init_array    0x0000000008006b58        0x4 c:/st/stm32cubeide_1.2.0/stm32cubeide/plugins/com.st.stm32cube.ide.mcu.externaltools.gnu-tools-for-stm32.7-2018-q2-update.win32_1.0.0.201904181610/tools/bin/../lib/gcc/arm-none-eabi/7.3.1/thumb/v7e-m/fpv4-sp/hard/crtbegin.o
                0x0000000008006b5c                PROVIDE (__init_array_end = .)
                0x0000000008006b5c                . = ALIGN (0x4)

.fini_array     0x0000000008006b5c        0x4
                0x0000000008006b5c                . = ALIGN (0x4)
                [!provide]                        PROVIDE (__fini_array_start = .)
 *(SORT_BY_NAME(.fini_array.*))
 *(.fini_array*)
 .fini_array    0x0000000008006b5c        0x4 c:/st/stm32cubeide_1.2.0/stm32cubeide/plugins/com.st.stm32cube.ide.mcu.externaltools.gnu-tools-for-stm32.7-2018-q2-update.win32_1.0.0.201904181610/tools/bin/../lib/gcc/arm-none-eabi/7.3.1/thumb/v7e-m/fpv4-sp/hard/crtbegin.o
                [!provide]                        PROVIDE (__fini_array_end = .)
                0x0000000008006b60                . = ALIGN (0x4)
                0x0000000008006b60                _sidata = LOADADDR (.data)

.data           0x0000000020000000       0x10 load address 0x0000000008006b60
                0x0000000020000000                . = ALIGN (0x4)
                0x0000000020000000                _sdata = .
 *(.data)
 *(.data*)
 .data.SystemCoreClock
                0x0000000020000000        0x4 Core/Src/system_stm32f4xx.o
                0x0000000020000000                SystemCoreClock
 .data.uwTickPrio
                0x0000000020000004        0x4 Drivers/STM32F4xx_HAL_Driver/Src/stm32f4xx_hal.o
                0x0000000020000004                uwTickPrio
 .data.uwTickFreq
                0x0000000020000008        0x1 Drivers/STM32F4xx_HAL_Driver/Src/stm32f4xx_hal.o
                0x0000000020000008                uwTickFreq
 *fill*         0x0000000020000009        0x3 
 .data.uxCriticalNesting
                0x000000002000000c        0x4 Middlewares/Third_Party/FreeRTOS/Source/portable/GCC/ARM_CM4F/port.o
                0x0000000020000010                . = ALIGN (0x4)
                0x0000000020000010                _edata = .

.igot.plt       0x0000000020000010        0x0 load address 0x0000000008006b70
 .igot.plt      0x0000000020000010        0x0 c:/st/stm32cubeide_1.2.0/stm32cubeide/plugins/com.st.stm32cube.ide.mcu.externaltools.gnu-tools-for-stm32.7-2018-q2-update.win32_1.0.0.201904181610/tools/bin/../lib/gcc/arm-none-eabi/7.3.1/thumb/v7e-m/fpv4-sp/hard/crtbegin.o
                0x0000000020000010                . = ALIGN (0x4)

.bss            0x0000000020000010     0x4114 load address 0x0000000008006b70
                0x0000000020000010                _sbss = .
                0x0000000020000010                __bss_start__ = _sbss
 *(.bss)
 .bss           0x0000000020000010       0x1c c:/st/stm32cubeide_1.2.0/stm32cubeide/plugins/com.st.stm32cube.ide.mcu.externaltools.gnu-tools-for-stm32.7-2018-q2-update.win32_1.0.0.201904181610/tools/bin/../lib/gcc/arm-none-eabi/7.3.1/thumb/v7e-m/fpv4-sp/hard/crtbegin.o
 *(.bss*)
 .bss.xIdleTaskTCBBuffer
                0x000000002000002c       0x54 Core/Src/freertos.o
 .bss.xIdleStack
                0x0000000020000080      0x200 Core/Src/freertos.o
 .bss.pxCurrentTCB
                0x0000000020000280        0x4 Middlewares/Third_Party/FreeRTOS/Source/tasks.o
                0x0000000020000280                pxCurrentTCB
 .bss.pxReadyTasksLists
                0x0000000020000284       0x8c Middlewares/Third_Party/FreeRTOS/Source/tasks.o
 .bss.xDelayedTaskList1
                0x0000000020000310       0x14 Middlewares/Third_Party/FreeRTOS/Source/tasks.o
 .bss.xDelayedTaskList2
                0x0000000020000324       0x14 Middlewares/Third_Party/FreeRTOS/Source/tasks.o
 .bss.pxDelayedTaskList
                0x0000000020000338        0x4 Middlewares/Third_Party/FreeRTOS/Source/tasks.o
 .bss.pxOverflowDelayedTaskList
                0x000000002000033c        0x4 Middlewares/Third_Party/FreeRTOS/Source/tasks.o
 .bss.xPendingReadyList
                0x0000000020000340       0x14 Middlewares/Third_Party/FreeRTOS/Source/tasks.o
 .bss.xTasksWaitingTermination
                0x0000000020000354       0x14 Middlewares/Third_Party/FreeRTOS/Source/tasks.o
 .bss.uxDeletedTasksWaitingCleanUp
                0x0000000020000368        0x4 Middlewares/Third_Party/FreeRTOS/Source/tasks.o
 .bss.xSuspendedTaskList
                0x000000002000036c       0x14 Middlewares/Third_Party/FreeRTOS/Source/tasks.o
 .bss.uxCurrentNumberOfTasks
                0x0000000020000380        0x4 Middlewares/Third_Party/FreeRTOS/Source/tasks.o
 .bss.xTickCount
                0x0000000020000384        0x4 Middlewares/Third_Party/FreeRTOS/Source/tasks.o
 .bss.uxTopReadyPriority
                0x0000000020000388        0x4 Middlewares/Third_Party/FreeRTOS/Source/tasks.o
 .bss.xSchedulerRunning
                0x000000002000038c        0x4 Middlewares/Third_Party/FreeRTOS/Source/tasks.o
 .bss.uxPendedTicks
                0x0000000020000390        0x4 Middlewares/Third_Party/FreeRTOS/Source/tasks.o
 .bss.xYieldPending
                0x0000000020000394        0x4 Middlewares/Third_Party/FreeRTOS/Source/tasks.o
 .bss.xNumOfOverflows
                0x0000000020000398        0x4 Middlewares/Third_Party/FreeRTOS/Source/tasks.o
 .bss.uxTaskNumber
                0x000000002000039c        0x4 Middlewares/Third_Party/FreeRTOS/Source/tasks.o
 .bss.xNextTaskUnblockTime
                0x00000000200003a0        0x4 Middlewares/Third_Party/FreeRTOS/Source/tasks.o
 .bss.xIdleTaskHandle
                0x00000000200003a4        0x4 Middlewares/Third_Party/FreeRTOS/Source/tasks.o
 .bss.uxSchedulerSuspended
                0x00000000200003a8        0x4 Middlewares/Third_Party/FreeRTOS/Source/tasks.o
 .bss.ucMaxSysCallPriority
                0x00000000200003ac        0x1 Middlewares/Third_Party/FreeRTOS/Source/portable/GCC/ARM_CM4F/port.o
 *fill*         0x00000000200003ad        0x3 
 .bss.ulMaxPRIGROUPValue
                0x00000000200003b0        0x4 Middlewares/Third_Party/FreeRTOS/Source/portable/GCC/ARM_CM4F/port.o
 .bss.ucHeap    0x00000000200003b4     0x3c00 Middlewares/Third_Party/FreeRTOS/Source/portable/MemMang/heap_4.o
 .bss.xStart    0x0000000020003fb4        0x8 Middlewares/Third_Party/FreeRTOS/Source/portable/MemMang/heap_4.o
 .bss.pxEnd     0x0000000020003fbc        0x4 Middlewares/Third_Party/FreeRTOS/Source/portable/MemMang/heap_4.o
 .bss.xFreeBytesRemaining
                0x0000000020003fc0        0x4 Middlewares/Third_Party/FreeRTOS/Source/portable/MemMang/heap_4.o
 .bss.xMinimumEverFreeBytesRemaining
                0x0000000020003fc4        0x4 Middlewares/Third_Party/FreeRTOS/Source/portable/MemMang/heap_4.o
 .bss.xBlockAllocatedBit
                0x0000000020003fc8        0x4 Middlewares/Third_Party/FreeRTOS/Source/portable/MemMang/heap_4.o
 *(COMMON)
 COMMON         0x0000000020003fcc      0x114 Core/Src/main.o
                0x0000000020003fcc                defaultTaskHandle
                0x0000000020003fd0                LedQueueHandle
                0x0000000020003fd4                AdcReadsQueueHandle
                0x0000000020003fd8                BinarySemaphoreADCHandle
                0x0000000020003fdc                UsartQueueHandle
                0x0000000020003fe0                BinarySemaphoreDmaADCHandle
                0x0000000020003fe4                LED_TaskHandle
                0x0000000020003fe8                ADC_TaskHandle
                0x0000000020003fec                hadc1
                0x0000000020004034                usart_read_taskHandle
                0x0000000020004038                hdma_adc1
                0x0000000020004098                ADC_read
                0x000000002000409c                huart2
                0x00000000200040dc                BinarySemaphoteUARTHandle
 COMMON         0x00000000200040e0       0x40 Core/Src/stm32f4xx_hal_timebase_tim.o
                0x00000000200040e0                htim1
 COMMON         0x0000000020004120        0x4 Drivers/STM32F4xx_HAL_Driver/Src/stm32f4xx_hal.o
                0x0000000020004120                uwTick
                0x0000000020004124                . = ALIGN (0x4)
                0x0000000020004124                _ebss = .
                0x0000000020004124                __bss_end__ = _ebss

._user_heap_stack
                0x0000000020004124      0x604 load address 0x0000000008006b70
                0x0000000020004128                . = ALIGN (0x8)
 *fill*         0x0000000020004124        0x4 
                0x0000000020004128                PROVIDE (end = .)
                [!provide]                        PROVIDE (_end = .)
                0x0000000020004328                . = (. + _Min_Heap_Size)
 *fill*         0x0000000020004128      0x200 
                0x0000000020004728                . = (. + _Min_Stack_Size)
 *fill*         0x0000000020004328      0x400 
                0x0000000020004728                . = ALIGN (0x8)

/DISCARD/
 libc.a(*)
 libm.a(*)
 libgcc.a(*)

.ARM.attributes
                0x0000000000000000       0x30
 *(.ARM.attributes)
 .ARM.attributes
                0x0000000000000000       0x22 c:/st/stm32cubeide_1.2.0/stm32cubeide/plugins/com.st.stm32cube.ide.mcu.externaltools.gnu-tools-for-stm32.7-2018-q2-update.win32_1.0.0.201904181610/tools/bin/../lib/gcc/arm-none-eabi/7.3.1/thumb/v7e-m/fpv4-sp/hard/crti.o
 .ARM.attributes
                0x0000000000000022       0x34 c:/st/stm32cubeide_1.2.0/stm32cubeide/plugins/com.st.stm32cube.ide.mcu.externaltools.gnu-tools-for-stm32.7-2018-q2-update.win32_1.0.0.201904181610/tools/bin/../lib/gcc/arm-none-eabi/7.3.1/thumb/v7e-m/fpv4-sp/hard/crtbegin.o
 .ARM.attributes
                0x0000000000000056       0x39 Core/Src/freertos.o
 .ARM.attributes
                0x000000000000008f       0x39 Core/Src/main.o
 .ARM.attributes
                0x00000000000000c8       0x39 Core/Src/stm32f4xx_hal_msp.o
 .ARM.attributes
                0x0000000000000101       0x39 Core/Src/stm32f4xx_hal_timebase_tim.o
 .ARM.attributes
                0x000000000000013a       0x39 Core/Src/stm32f4xx_it.o
 .ARM.attributes
                0x0000000000000173       0x39 Core/Src/system_stm32f4xx.o
 .ARM.attributes
                0x00000000000001ac       0x21 Core/Startup/startup_stm32f401retx.o
 .ARM.attributes
                0x00000000000001cd       0x39 Drivers/STM32F4xx_HAL_Driver/Src/stm32f4xx_hal.o
 .ARM.attributes
                0x0000000000000206       0x39 Drivers/STM32F4xx_HAL_Driver/Src/stm32f4xx_hal_adc.o
 .ARM.attributes
                0x000000000000023f       0x39 Drivers/STM32F4xx_HAL_Driver/Src/stm32f4xx_hal_cortex.o
 .ARM.attributes
                0x0000000000000278       0x39 Drivers/STM32F4xx_HAL_Driver/Src/stm32f4xx_hal_dma.o
 .ARM.attributes
                0x00000000000002b1       0x39 Drivers/STM32F4xx_HAL_Driver/Src/stm32f4xx_hal_gpio.o
 .ARM.attributes
                0x00000000000002ea       0x39 Drivers/STM32F4xx_HAL_Driver/Src/stm32f4xx_hal_rcc.o
 .ARM.attributes
                0x0000000000000323       0x39 Drivers/STM32F4xx_HAL_Driver/Src/stm32f4xx_hal_tim.o
 .ARM.attributes
                0x000000000000035c       0x39 Drivers/STM32F4xx_HAL_Driver/Src/stm32f4xx_hal_tim_ex.o
 .ARM.attributes
                0x0000000000000395       0x39 Drivers/STM32F4xx_HAL_Driver/Src/stm32f4xx_hal_uart.o
 .ARM.attributes
                0x00000000000003ce       0x39 Middlewares/Third_Party/FreeRTOS/Source/CMSIS_RTOS/cmsis_os.o
 .ARM.attributes
                0x0000000000000407       0x39 Middlewares/Third_Party/FreeRTOS/Source/list.o
 .ARM.attributes
                0x0000000000000440       0x39 Middlewares/Third_Party/FreeRTOS/Source/queue.o
 .ARM.attributes
                0x0000000000000479       0x39 Middlewares/Third_Party/FreeRTOS/Source/tasks.o
 .ARM.attributes
                0x00000000000004b2       0x39 Middlewares/Third_Party/FreeRTOS/Source/portable/GCC/ARM_CM4F/port.o
 .ARM.attributes
                0x00000000000004eb       0x39 Middlewares/Third_Party/FreeRTOS/Source/portable/MemMang/heap_4.o
 .ARM.attributes
                0x0000000000000524       0x34 c:/st/stm32cubeide_1.2.0/stm32cubeide/plugins/com.st.stm32cube.ide.mcu.externaltools.gnu-tools-for-stm32.7-2018-q2-update.win32_1.0.0.201904181610/tools/bin/../lib/gcc/arm-none-eabi/7.3.1/../../../../arm-none-eabi/lib/thumb/v7e-m/fpv4-sp/hard\libc_nano.a(lib_a-init.o)
 .ARM.attributes
                0x0000000000000558       0x34 c:/st/stm32cubeide_1.2.0/stm32cubeide/plugins/com.st.stm32cube.ide.mcu.externaltools.gnu-tools-for-stm32.7-2018-q2-update.win32_1.0.0.201904181610/tools/bin/../lib/gcc/arm-none-eabi/7.3.1/../../../../arm-none-eabi/lib/thumb/v7e-m/fpv4-sp/hard\libc_nano.a(lib_a-memcpy-stub.o)
 .ARM.attributes
                0x000000000000058c       0x34 c:/st/stm32cubeide_1.2.0/stm32cubeide/plugins/com.st.stm32cube.ide.mcu.externaltools.gnu-tools-for-stm32.7-2018-q2-update.win32_1.0.0.201904181610/tools/bin/../lib/gcc/arm-none-eabi/7.3.1/../../../../arm-none-eabi/lib/thumb/v7e-m/fpv4-sp/hard\libc_nano.a(lib_a-memset.o)
 .ARM.attributes
                0x00000000000005c0       0x22 c:/st/stm32cubeide_1.2.0/stm32cubeide/plugins/com.st.stm32cube.ide.mcu.externaltools.gnu-tools-for-stm32.7-2018-q2-update.win32_1.0.0.201904181610/tools/bin/../lib/gcc/arm-none-eabi/7.3.1/thumb/v7e-m/fpv4-sp/hard\libgcc.a(_aeabi_uldivmod.o)
 .ARM.attributes
                0x00000000000005e2       0x34 c:/st/stm32cubeide_1.2.0/stm32cubeide/plugins/com.st.stm32cube.ide.mcu.externaltools.gnu-tools-for-stm32.7-2018-q2-update.win32_1.0.0.201904181610/tools/bin/../lib/gcc/arm-none-eabi/7.3.1/thumb/v7e-m/fpv4-sp/hard\libgcc.a(_udivmoddi4.o)
 .ARM.attributes
                0x0000000000000616       0x22 c:/st/stm32cubeide_1.2.0/stm32cubeide/plugins/com.st.stm32cube.ide.mcu.externaltools.gnu-tools-for-stm32.7-2018-q2-update.win32_1.0.0.201904181610/tools/bin/../lib/gcc/arm-none-eabi/7.3.1/thumb/v7e-m/fpv4-sp/hard\libgcc.a(_dvmd_tls.o)
 .ARM.attributes
                0x0000000000000638       0x22 c:/st/stm32cubeide_1.2.0/stm32cubeide/plugins/com.st.stm32cube.ide.mcu.externaltools.gnu-tools-for-stm32.7-2018-q2-update.win32_1.0.0.201904181610/tools/bin/../lib/gcc/arm-none-eabi/7.3.1/thumb/v7e-m/fpv4-sp/hard/crtn.o
OUTPUT(TesteKlever.elf elf32-littlearm)

.debug_info     0x0000000000000000    0x14887
 .debug_info    0x0000000000000000      0x344 Core/Src/freertos.o
 .debug_info    0x0000000000000344     0x1a67 Core/Src/main.o
 .debug_info    0x0000000000001dab      0xdeb Core/Src/stm32f4xx_hal_msp.o
 .debug_info    0x0000000000002b96      0xab9 Core/Src/stm32f4xx_hal_timebase_tim.o
 .debug_info    0x000000000000364f      0x8fb Core/Src/stm32f4xx_it.o
 .debug_info    0x0000000000003f4a      0x57e Core/Src/system_stm32f4xx.o
 .debug_info    0x00000000000044c8       0x22 Core/Startup/startup_stm32f401retx.o
 .debug_info    0x00000000000044ea      0x8d3 Drivers/STM32F4xx_HAL_Driver/Src/stm32f4xx_hal.o
 .debug_info    0x0000000000004dbd      0xce6 Drivers/STM32F4xx_HAL_Driver/Src/stm32f4xx_hal_adc.o
 .debug_info    0x0000000000005aa3      0xd92 Drivers/STM32F4xx_HAL_Driver/Src/stm32f4xx_hal_cortex.o
 .debug_info    0x0000000000006835      0x960 Drivers/STM32F4xx_HAL_Driver/Src/stm32f4xx_hal_dma.o
 .debug_info    0x0000000000007195      0x7dc Drivers/STM32F4xx_HAL_Driver/Src/stm32f4xx_hal_gpio.o
 .debug_info    0x0000000000007971      0x92e Drivers/STM32F4xx_HAL_Driver/Src/stm32f4xx_hal_rcc.o
 .debug_info    0x000000000000829f     0x24a1 Drivers/STM32F4xx_HAL_Driver/Src/stm32f4xx_hal_tim.o
 .debug_info    0x000000000000a740     0x114f Drivers/STM32F4xx_HAL_Driver/Src/stm32f4xx_hal_tim_ex.o
 .debug_info    0x000000000000b88f     0x1244 Drivers/STM32F4xx_HAL_Driver/Src/stm32f4xx_hal_uart.o
 .debug_info    0x000000000000cad3     0x1e69 Middlewares/Third_Party/FreeRTOS/Source/CMSIS_RTOS/cmsis_os.o
 .debug_info    0x000000000000e93c      0xac5 Middlewares/Third_Party/FreeRTOS/Source/list.o
 .debug_info    0x000000000000f401     0x1f2d Middlewares/Third_Party/FreeRTOS/Source/queue.o
 .debug_info    0x000000000001132e     0x243c Middlewares/Third_Party/FreeRTOS/Source/tasks.o
 .debug_info    0x000000000001376a      0x533 Middlewares/Third_Party/FreeRTOS/Source/portable/GCC/ARM_CM4F/port.o
 .debug_info    0x0000000000013c9d      0xbea Middlewares/Third_Party/FreeRTOS/Source/portable/MemMang/heap_4.o

.debug_abbrev   0x0000000000000000     0x2d75
 .debug_abbrev  0x0000000000000000      0x109 Core/Src/freertos.o
 .debug_abbrev  0x0000000000000109      0x27d Core/Src/main.o
 .debug_abbrev  0x0000000000000386      0x195 Core/Src/stm32f4xx_hal_msp.o
 .debug_abbrev  0x000000000000051b      0x1ac Core/Src/stm32f4xx_hal_timebase_tim.o
 .debug_abbrev  0x00000000000006c7      0x169 Core/Src/stm32f4xx_it.o
 .debug_abbrev  0x0000000000000830      0x12b Core/Src/system_stm32f4xx.o
 .debug_abbrev  0x000000000000095b       0x12 Core/Startup/startup_stm32f401retx.o
 .debug_abbrev  0x000000000000096d      0x1f2 Drivers/STM32F4xx_HAL_Driver/Src/stm32f4xx_hal.o
 .debug_abbrev  0x0000000000000b5f      0x1cd Drivers/STM32F4xx_HAL_Driver/Src/stm32f4xx_hal_adc.o
 .debug_abbrev  0x0000000000000d2c      0x2fa Drivers/STM32F4xx_HAL_Driver/Src/stm32f4xx_hal_cortex.o
 .debug_abbrev  0x0000000000001026      0x1f1 Drivers/STM32F4xx_HAL_Driver/Src/stm32f4xx_hal_dma.o
 .debug_abbrev  0x0000000000001217      0x1c9 Drivers/STM32F4xx_HAL_Driver/Src/stm32f4xx_hal_gpio.o
 .debug_abbrev  0x00000000000013e0      0x245 Drivers/STM32F4xx_HAL_Driver/Src/stm32f4xx_hal_rcc.o
 .debug_abbrev  0x0000000000001625      0x23f Drivers/STM32F4xx_HAL_Driver/Src/stm32f4xx_hal_tim.o
 .debug_abbrev  0x0000000000001864      0x22d Drivers/STM32F4xx_HAL_Driver/Src/stm32f4xx_hal_tim_ex.o
 .debug_abbrev  0x0000000000001a91      0x251 Drivers/STM32F4xx_HAL_Driver/Src/stm32f4xx_hal_uart.o
 .debug_abbrev  0x0000000000001ce2      0x38a Middlewares/Third_Party/FreeRTOS/Source/CMSIS_RTOS/cmsis_os.o
 .debug_abbrev  0x000000000000206c      0x1cf Middlewares/Third_Party/FreeRTOS/Source/list.o
 .debug_abbrev  0x000000000000223b      0x354 Middlewares/Third_Party/FreeRTOS/Source/queue.o
 .debug_abbrev  0x000000000000258f      0x338 Middlewares/Third_Party/FreeRTOS/Source/tasks.o
 .debug_abbrev  0x00000000000028c7      0x210 Middlewares/Third_Party/FreeRTOS/Source/portable/GCC/ARM_CM4F/port.o
 .debug_abbrev  0x0000000000002ad7      0x29e Middlewares/Third_Party/FreeRTOS/Source/portable/MemMang/heap_4.o

.debug_aranges  0x0000000000000000     0x1288
 .debug_aranges
                0x0000000000000000       0x20 Core/Src/freertos.o
 .debug_aranges
                0x0000000000000020       0x88 Core/Src/main.o
 .debug_aranges
                0x00000000000000a8       0x40 Core/Src/stm32f4xx_hal_msp.o
 .debug_aranges
                0x00000000000000e8       0x30 Core/Src/stm32f4xx_hal_timebase_tim.o
 .debug_aranges
                0x0000000000000118       0x60 Core/Src/stm32f4xx_it.o
 .debug_aranges
                0x0000000000000178       0x28 Core/Src/system_stm32f4xx.o
 .debug_aranges
                0x00000000000001a0       0x28 Core/Startup/startup_stm32f401retx.o
 .debug_aranges
                0x00000000000001c8       0xf0 Drivers/STM32F4xx_HAL_Driver/Src/stm32f4xx_hal.o
 .debug_aranges
                0x00000000000002b8       0xe8 Drivers/STM32F4xx_HAL_Driver/Src/stm32f4xx_hal_adc.o
 .debug_aranges
                0x00000000000003a0      0x118 Drivers/STM32F4xx_HAL_Driver/Src/stm32f4xx_hal_cortex.o
 .debug_aranges
                0x00000000000004b8       0x90 Drivers/STM32F4xx_HAL_Driver/Src/stm32f4xx_hal_dma.o
 .debug_aranges
                0x0000000000000548       0x58 Drivers/STM32F4xx_HAL_Driver/Src/stm32f4xx_hal_gpio.o
 .debug_aranges
                0x00000000000005a0       0x88 Drivers/STM32F4xx_HAL_Driver/Src/stm32f4xx_hal_rcc.o
 .debug_aranges
                0x0000000000000628      0x3a8 Drivers/STM32F4xx_HAL_Driver/Src/stm32f4xx_hal_tim.o
 .debug_aranges
                0x00000000000009d0      0x150 Drivers/STM32F4xx_HAL_Driver/Src/stm32f4xx_hal_tim_ex.o
 .debug_aranges
                0x0000000000000b20      0x1d0 Drivers/STM32F4xx_HAL_Driver/Src/stm32f4xx_hal_uart.o
 .debug_aranges
                0x0000000000000cf0      0x1d8 Middlewares/Third_Party/FreeRTOS/Source/CMSIS_RTOS/cmsis_os.o
 .debug_aranges
                0x0000000000000ec8       0x40 Middlewares/Third_Party/FreeRTOS/Source/list.o
 .debug_aranges
                0x0000000000000f08      0x108 Middlewares/Third_Party/FreeRTOS/Source/queue.o
 .debug_aranges
                0x0000000000001010      0x1a8 Middlewares/Third_Party/FreeRTOS/Source/tasks.o
 .debug_aranges
                0x00000000000011b8       0x80 Middlewares/Third_Party/FreeRTOS/Source/portable/GCC/ARM_CM4F/port.o
 .debug_aranges
                0x0000000000001238       0x50 Middlewares/Third_Party/FreeRTOS/Source/portable/MemMang/heap_4.o

.debug_ranges   0x0000000000000000     0x1130
 .debug_ranges  0x0000000000000000       0x10 Core/Src/freertos.o
 .debug_ranges  0x0000000000000010       0x78 Core/Src/main.o
 .debug_ranges  0x0000000000000088       0x30 Core/Src/stm32f4xx_hal_msp.o
 .debug_ranges  0x00000000000000b8       0x20 Core/Src/stm32f4xx_hal_timebase_tim.o
 .debug_ranges  0x00000000000000d8       0x50 Core/Src/stm32f4xx_it.o
 .debug_ranges  0x0000000000000128       0x18 Core/Src/system_stm32f4xx.o
 .debug_ranges  0x0000000000000140       0x20 Core/Startup/startup_stm32f401retx.o
 .debug_ranges  0x0000000000000160       0xe0 Drivers/STM32F4xx_HAL_Driver/Src/stm32f4xx_hal.o
 .debug_ranges  0x0000000000000240       0xd8 Drivers/STM32F4xx_HAL_Driver/Src/stm32f4xx_hal_adc.o
 .debug_ranges  0x0000000000000318      0x108 Drivers/STM32F4xx_HAL_Driver/Src/stm32f4xx_hal_cortex.o
 .debug_ranges  0x0000000000000420       0x80 Drivers/STM32F4xx_HAL_Driver/Src/stm32f4xx_hal_dma.o
 .debug_ranges  0x00000000000004a0       0x48 Drivers/STM32F4xx_HAL_Driver/Src/stm32f4xx_hal_gpio.o
 .debug_ranges  0x00000000000004e8       0x78 Drivers/STM32F4xx_HAL_Driver/Src/stm32f4xx_hal_rcc.o
 .debug_ranges  0x0000000000000560      0x398 Drivers/STM32F4xx_HAL_Driver/Src/stm32f4xx_hal_tim.o
 .debug_ranges  0x00000000000008f8      0x140 Drivers/STM32F4xx_HAL_Driver/Src/stm32f4xx_hal_tim_ex.o
 .debug_ranges  0x0000000000000a38      0x1c0 Drivers/STM32F4xx_HAL_Driver/Src/stm32f4xx_hal_uart.o
 .debug_ranges  0x0000000000000bf8      0x1c8 Middlewares/Third_Party/FreeRTOS/Source/CMSIS_RTOS/cmsis_os.o
 .debug_ranges  0x0000000000000dc0       0x30 Middlewares/Third_Party/FreeRTOS/Source/list.o
 .debug_ranges  0x0000000000000df0       0xf8 Middlewares/Third_Party/FreeRTOS/Source/queue.o
 .debug_ranges  0x0000000000000ee8      0x198 Middlewares/Third_Party/FreeRTOS/Source/tasks.o
 .debug_ranges  0x0000000000001080       0x70 Middlewares/Third_Party/FreeRTOS/Source/portable/GCC/ARM_CM4F/port.o
 .debug_ranges  0x00000000000010f0       0x40 Middlewares/Third_Party/FreeRTOS/Source/portable/MemMang/heap_4.o

.debug_macro    0x0000000000000000    0x17b45
 .debug_macro   0x0000000000000000      0x25e Core/Src/freertos.o
 .debug_macro   0x000000000000025e      0xa5a Core/Src/freertos.o
 .debug_macro   0x0000000000000cb8      0x174 Core/Src/freertos.o
 .debug_macro   0x0000000000000e2c       0x22 Core/Src/freertos.o
 .debug_macro   0x0000000000000e4e       0x8e Core/Src/freertos.o
 .debug_macro   0x0000000000000edc       0x51 Core/Src/freertos.o
 .debug_macro   0x0000000000000f2d       0xef Core/Src/freertos.o
 .debug_macro   0x000000000000101c       0x6a Core/Src/freertos.o
 .debug_macro   0x0000000000001086      0x1df Core/Src/freertos.o
 .debug_macro   0x0000000000001265       0xd6 Core/Src/freertos.o
 .debug_macro   0x000000000000133b      0x15a Core/Src/freertos.o
 .debug_macro   0x0000000000001495       0xd7 Core/Src/freertos.o
 .debug_macro   0x000000000000156c       0x10 Core/Src/freertos.o
 .debug_macro   0x000000000000157c       0x1f Core/Src/freertos.o
 .debug_macro   0x000000000000159b      0x4b7 Core/Src/freertos.o
 .debug_macro   0x0000000000001a52       0xb5 Core/Src/freertos.o
 .debug_macro   0x0000000000001b07       0x8c Core/Src/freertos.o
 .debug_macro   0x0000000000001b93      0x190 Core/Src/freertos.o
 .debug_macro   0x0000000000001d23       0x32 Core/Src/freertos.o
 .debug_macro   0x0000000000001d55       0x28 Core/Src/freertos.o
 .debug_macro   0x0000000000001d7d       0x1c Core/Src/freertos.o
 .debug_macro   0x0000000000001d99       0x22 Core/Src/freertos.o
 .debug_macro   0x0000000000001dbb       0xdf Core/Src/freertos.o
 .debug_macro   0x0000000000001e9a     0x102d Core/Src/freertos.o
 .debug_macro   0x0000000000002ec7      0x11f Core/Src/freertos.o
 .debug_macro   0x0000000000002fe6     0xb850 Core/Src/freertos.o
 .debug_macro   0x000000000000e836       0x43 Core/Src/freertos.o
 .debug_macro   0x000000000000e879     0x3652 Core/Src/freertos.o
 .debug_macro   0x0000000000011ecb       0x5a Core/Src/freertos.o
 .debug_macro   0x0000000000011f25      0x416 Core/Src/freertos.o
 .debug_macro   0x000000000001233b      0x9fe Core/Src/freertos.o
 .debug_macro   0x0000000000012d39      0x15f Core/Src/freertos.o
 .debug_macro   0x0000000000012e98      0x117 Core/Src/freertos.o
 .debug_macro   0x0000000000012faf       0xf8 Core/Src/freertos.o
 .debug_macro   0x00000000000130a7       0x27 Core/Src/freertos.o
 .debug_macro   0x00000000000130ce      0x287 Core/Src/freertos.o
 .debug_macro   0x0000000000013355       0x5f Core/Src/freertos.o
 .debug_macro   0x00000000000133b4      0x236 Core/Src/freertos.o
 .debug_macro   0x00000000000135ea      0x391 Core/Src/freertos.o
 .debug_macro   0x000000000001397b      0x176 Core/Src/freertos.o
 .debug_macro   0x0000000000013af1       0xf9 Core/Src/freertos.o
 .debug_macro   0x0000000000013bea      0x132 Core/Src/freertos.o
 .debug_macro   0x0000000000013d1c      0x264 Core/Src/freertos.o
 .debug_macro   0x0000000000013f80       0x2e Core/Src/freertos.o
 .debug_macro   0x0000000000013fae      0x11a Core/Src/freertos.o
 .debug_macro   0x00000000000140c8       0x85 Core/Src/freertos.o
 .debug_macro   0x000000000001414d       0x89 Core/Src/freertos.o
 .debug_macro   0x00000000000141d6      0x8a0 Core/Src/freertos.o
 .debug_macro   0x0000000000014a76       0x47 Core/Src/freertos.o
 .debug_macro   0x0000000000014abd      0x287 Core/Src/freertos.o
 .debug_macro   0x0000000000014d44      0x126 Core/Src/freertos.o
 .debug_macro   0x0000000000014e6a       0x58 Core/Src/freertos.o
 .debug_macro   0x0000000000014ec2      0x2bb Core/Src/main.o
 .debug_macro   0x000000000001517d       0xd6 Core/Src/main.o
 .debug_macro   0x0000000000015253       0x91 Core/Src/main.o
 .debug_macro   0x00000000000152e4       0x8d Core/Src/main.o
 .debug_macro   0x0000000000015371       0x7e Core/Src/main.o
 .debug_macro   0x00000000000153ef       0x19 Core/Src/main.o
 .debug_macro   0x0000000000015408       0xf2 Core/Src/main.o
 .debug_macro   0x00000000000154fa      0x1f6 Core/Src/stm32f4xx_hal_msp.o
 .debug_macro   0x00000000000156f0      0x1e7 Core/Src/stm32f4xx_hal_timebase_tim.o
 .debug_macro   0x00000000000158d7      0x268 Core/Src/stm32f4xx_it.o
 .debug_macro   0x0000000000015b3f      0x1ed Core/Src/system_stm32f4xx.o
 .debug_macro   0x0000000000015d2c      0x247 Drivers/STM32F4xx_HAL_Driver/Src/stm32f4xx_hal.o
 .debug_macro   0x0000000000015f73      0x1e8 Drivers/STM32F4xx_HAL_Driver/Src/stm32f4xx_hal_adc.o
 .debug_macro   0x000000000001615b      0x1e7 Drivers/STM32F4xx_HAL_Driver/Src/stm32f4xx_hal_cortex.o
 .debug_macro   0x0000000000016342      0x1ed Drivers/STM32F4xx_HAL_Driver/Src/stm32f4xx_hal_dma.o
 .debug_macro   0x000000000001652f      0x21d Drivers/STM32F4xx_HAL_Driver/Src/stm32f4xx_hal_gpio.o
 .debug_macro   0x000000000001674c      0x20b Drivers/STM32F4xx_HAL_Driver/Src/stm32f4xx_hal_rcc.o
 .debug_macro   0x0000000000016957      0x1e8 Drivers/STM32F4xx_HAL_Driver/Src/stm32f4xx_hal_tim.o
 .debug_macro   0x0000000000016b3f      0x1e7 Drivers/STM32F4xx_HAL_Driver/Src/stm32f4xx_hal_tim_ex.o
 .debug_macro   0x0000000000016d26      0x1e8 Drivers/STM32F4xx_HAL_Driver/Src/stm32f4xx_hal_uart.o
 .debug_macro   0x0000000000016f0e      0x1f1 Middlewares/Third_Party/FreeRTOS/Source/CMSIS_RTOS/cmsis_os.o
 .debug_macro   0x00000000000170ff       0x10 Middlewares/Third_Party/FreeRTOS/Source/CMSIS_RTOS/cmsis_os.o
 .debug_macro   0x000000000001710f       0x20 Middlewares/Third_Party/FreeRTOS/Source/CMSIS_RTOS/cmsis_os.o
 .debug_macro   0x000000000001712f       0xc7 Middlewares/Third_Party/FreeRTOS/Source/CMSIS_RTOS/cmsis_os.o
 .debug_macro   0x00000000000171f6      0x17a Middlewares/Third_Party/FreeRTOS/Source/list.o
 .debug_macro   0x0000000000017370      0x205 Middlewares/Third_Party/FreeRTOS/Source/queue.o
 .debug_macro   0x0000000000017575       0x16 Middlewares/Third_Party/FreeRTOS/Source/queue.o
 .debug_macro   0x000000000001758b      0x273 Middlewares/Third_Party/FreeRTOS/Source/tasks.o
 .debug_macro   0x00000000000177fe       0x10 Middlewares/Third_Party/FreeRTOS/Source/tasks.o
 .debug_macro   0x000000000001780e      0x196 Middlewares/Third_Party/FreeRTOS/Source/portable/GCC/ARM_CM4F/port.o
 .debug_macro   0x00000000000179a4      0x1a1 Middlewares/Third_Party/FreeRTOS/Source/portable/MemMang/heap_4.o

.debug_line     0x0000000000000000     0xe197
 .debug_line    0x0000000000000000      0x7ec Core/Src/freertos.o
 .debug_line    0x00000000000007ec      0xa5e Core/Src/main.o
 .debug_line    0x000000000000124a      0x760 Core/Src/stm32f4xx_hal_msp.o
 .debug_line    0x00000000000019aa      0x726 Core/Src/stm32f4xx_hal_timebase_tim.o
 .debug_line    0x00000000000020d0      0x89b Core/Src/stm32f4xx_it.o
 .debug_line    0x000000000000296b      0x70d Core/Src/system_stm32f4xx.o
 .debug_line    0x0000000000003078       0x86 Core/Startup/startup_stm32f401retx.o
 .debug_line    0x00000000000030fe      0x8f7 Drivers/STM32F4xx_HAL_Driver/Src/stm32f4xx_hal.o
 .debug_line    0x00000000000039f5      0xb1d Drivers/STM32F4xx_HAL_Driver/Src/stm32f4xx_hal_adc.o
 .debug_line    0x0000000000004512      0xa1b Drivers/STM32F4xx_HAL_Driver/Src/stm32f4xx_hal_cortex.o
 .debug_line    0x0000000000004f2d      0x9c5 Drivers/STM32F4xx_HAL_Driver/Src/stm32f4xx_hal_dma.o
 .debug_line    0x00000000000058f2      0x89a Drivers/STM32F4xx_HAL_Driver/Src/stm32f4xx_hal_gpio.o
 .debug_line    0x000000000000618c      0x94f Drivers/STM32F4xx_HAL_Driver/Src/stm32f4xx_hal_rcc.o
 .debug_line    0x0000000000006adb     0x17b4 Drivers/STM32F4xx_HAL_Driver/Src/stm32f4xx_hal_tim.o
 .debug_line    0x000000000000828f      0xd02 Drivers/STM32F4xx_HAL_Driver/Src/stm32f4xx_hal_tim_ex.o
 .debug_line    0x0000000000008f91     0x1005 Drivers/STM32F4xx_HAL_Driver/Src/stm32f4xx_hal_uart.o
 .debug_line    0x0000000000009f96      0xcc0 Middlewares/Third_Party/FreeRTOS/Source/CMSIS_RTOS/cmsis_os.o
 .debug_line    0x000000000000ac56      0x66c Middlewares/Third_Party/FreeRTOS/Source/list.o
 .debug_line    0x000000000000b2c2      0xf6d Middlewares/Third_Party/FreeRTOS/Source/queue.o
 .debug_line    0x000000000000c22f     0x1173 Middlewares/Third_Party/FreeRTOS/Source/tasks.o
 .debug_line    0x000000000000d3a2      0x6a3 Middlewares/Third_Party/FreeRTOS/Source/portable/GCC/ARM_CM4F/port.o
 .debug_line    0x000000000000da45      0x752 Middlewares/Third_Party/FreeRTOS/Source/portable/MemMang/heap_4.o

.debug_str      0x0000000000000000    0x982ed
 .debug_str     0x0000000000000000    0x8c4e7 Core/Src/freertos.o
                                      0x8c79d (size before relaxing)
 .debug_str     0x000000000008c4e7     0x34b1 Core/Src/main.o
                                      0x8fcd1 (size before relaxing)
 .debug_str     0x000000000008f998       0x72 Core/Src/stm32f4xx_hal_msp.o
                                      0x8979c (size before relaxing)
 .debug_str     0x000000000008fa0a       0xaa Core/Src/stm32f4xx_hal_timebase_tim.o
                                      0x89506 (size before relaxing)
 .debug_str     0x000000000008fab4       0xd5 Core/Src/stm32f4xx_it.o
                                      0x8cd0f (size before relaxing)
 .debug_str     0x000000000008fb89       0xc4 Core/Src/system_stm32f4xx.o
                                      0x88cf2 (size before relaxing)
 .debug_str     0x000000000008fc4d       0x36 Core/Startup/startup_stm32f401retx.o
                                         0x55 (size before relaxing)
 .debug_str     0x000000000008fc83      0x542 Drivers/STM32F4xx_HAL_Driver/Src/stm32f4xx_hal.o
                                      0x8965d (size before relaxing)
 .debug_str     0x00000000000901c5      0x284 Drivers/STM32F4xx_HAL_Driver/Src/stm32f4xx_hal_adc.o
                                      0x89277 (size before relaxing)
 .debug_str     0x0000000000090449      0x389 Drivers/STM32F4xx_HAL_Driver/Src/stm32f4xx_hal_cortex.o
                                      0x8943a (size before relaxing)
 .debug_str     0x00000000000907d2      0x31d Drivers/STM32F4xx_HAL_Driver/Src/stm32f4xx_hal_dma.o
                                      0x890f5 (size before relaxing)
 .debug_str     0x0000000000090aef      0x20c Drivers/STM32F4xx_HAL_Driver/Src/stm32f4xx_hal_gpio.o
                                      0x88f31 (size before relaxing)
 .debug_str     0x0000000000090cfb      0x24f Drivers/STM32F4xx_HAL_Driver/Src/stm32f4xx_hal_rcc.o
                                      0x890df (size before relaxing)
 .debug_str     0x0000000000090f4a      0xd52 Drivers/STM32F4xx_HAL_Driver/Src/stm32f4xx_hal_tim.o
                                      0x89dec (size before relaxing)
 .debug_str     0x0000000000091c9c      0x4ec Drivers/STM32F4xx_HAL_Driver/Src/stm32f4xx_hal_tim_ex.o
                                      0x895ec (size before relaxing)
 .debug_str     0x0000000000092188      0x4fe Drivers/STM32F4xx_HAL_Driver/Src/stm32f4xx_hal_uart.o
                                      0x8952c (size before relaxing)
 .debug_str     0x0000000000092686     0x3648 Middlewares/Third_Party/FreeRTOS/Source/CMSIS_RTOS/cmsis_os.o
                                       0xdd83 (size before relaxing)
 .debug_str     0x0000000000095cce      0x225 Middlewares/Third_Party/FreeRTOS/Source/list.o
                                       0xa4cb (size before relaxing)
 .debug_str     0x0000000000095ef3      0x7d3 Middlewares/Third_Party/FreeRTOS/Source/queue.o
                                       0xbb7f (size before relaxing)
 .debug_str     0x00000000000966c6     0x11ca Middlewares/Third_Party/FreeRTOS/Source/tasks.o
                                       0xc6b8 (size before relaxing)
 .debug_str     0x0000000000097890      0x803 Middlewares/Third_Party/FreeRTOS/Source/portable/GCC/ARM_CM4F/port.o
                                       0x81c4 (size before relaxing)
 .debug_str     0x0000000000098093      0x25a Middlewares/Third_Party/FreeRTOS/Source/portable/MemMang/heap_4.o
                                       0xabee (size before relaxing)

.comment        0x0000000000000000       0x7b
 .comment       0x0000000000000000       0x7b Core/Src/freertos.o
                                         0x7c (size before relaxing)
 .comment       0x000000000000007b       0x7c Core/Src/main.o
 .comment       0x000000000000007b       0x7c Core/Src/stm32f4xx_hal_msp.o
 .comment       0x000000000000007b       0x7c Core/Src/stm32f4xx_hal_timebase_tim.o
 .comment       0x000000000000007b       0x7c Core/Src/stm32f4xx_it.o
 .comment       0x000000000000007b       0x7c Core/Src/system_stm32f4xx.o
 .comment       0x000000000000007b       0x7c Drivers/STM32F4xx_HAL_Driver/Src/stm32f4xx_hal.o
 .comment       0x000000000000007b       0x7c Drivers/STM32F4xx_HAL_Driver/Src/stm32f4xx_hal_adc.o
 .comment       0x000000000000007b       0x7c Drivers/STM32F4xx_HAL_Driver/Src/stm32f4xx_hal_cortex.o
 .comment       0x000000000000007b       0x7c Drivers/STM32F4xx_HAL_Driver/Src/stm32f4xx_hal_dma.o
 .comment       0x000000000000007b       0x7c Drivers/STM32F4xx_HAL_Driver/Src/stm32f4xx_hal_gpio.o
 .comment       0x000000000000007b       0x7c Drivers/STM32F4xx_HAL_Driver/Src/stm32f4xx_hal_rcc.o
 .comment       0x000000000000007b       0x7c Drivers/STM32F4xx_HAL_Driver/Src/stm32f4xx_hal_tim.o
 .comment       0x000000000000007b       0x7c Drivers/STM32F4xx_HAL_Driver/Src/stm32f4xx_hal_tim_ex.o
 .comment       0x000000000000007b       0x7c Drivers/STM32F4xx_HAL_Driver/Src/stm32f4xx_hal_uart.o
 .comment       0x000000000000007b       0x7c Middlewares/Third_Party/FreeRTOS/Source/CMSIS_RTOS/cmsis_os.o
 .comment       0x000000000000007b       0x7c Middlewares/Third_Party/FreeRTOS/Source/list.o
 .comment       0x000000000000007b       0x7c Middlewares/Third_Party/FreeRTOS/Source/queue.o
 .comment       0x000000000000007b       0x7c Middlewares/Third_Party/FreeRTOS/Source/tasks.o
 .comment       0x000000000000007b       0x7c Middlewares/Third_Party/FreeRTOS/Source/portable/GCC/ARM_CM4F/port.o
 .comment       0x000000000000007b       0x7c Middlewares/Third_Party/FreeRTOS/Source/portable/MemMang/heap_4.o

.debug_frame    0x0000000000000000     0x4d40
 .debug_frame   0x0000000000000000       0x38 Core/Src/freertos.o
 .debug_frame   0x0000000000000038      0x1ec Core/Src/main.o
 .debug_frame   0x0000000000000224       0xc4 Core/Src/stm32f4xx_hal_msp.o
 .debug_frame   0x00000000000002e8       0x74 Core/Src/stm32f4xx_hal_timebase_tim.o
 .debug_frame   0x000000000000035c      0x104 Core/Src/stm32f4xx_it.o
 .debug_frame   0x0000000000000460       0x58 Core/Src/system_stm32f4xx.o
 .debug_frame   0x00000000000004b8      0x374 Drivers/STM32F4xx_HAL_Driver/Src/stm32f4xx_hal.o
 .debug_frame   0x000000000000082c      0x3fc Drivers/STM32F4xx_HAL_Driver/Src/stm32f4xx_hal_adc.o
 .debug_frame   0x0000000000000c28      0x498 Drivers/STM32F4xx_HAL_Driver/Src/stm32f4xx_hal_cortex.o
 .debug_frame   0x00000000000010c0      0x250 Drivers/STM32F4xx_HAL_Driver/Src/stm32f4xx_hal_dma.o
 .debug_frame   0x0000000000001310      0x14c Drivers/STM32F4xx_HAL_Driver/Src/stm32f4xx_hal_gpio.o
 .debug_frame   0x000000000000145c      0x1f0 Drivers/STM32F4xx_HAL_Driver/Src/stm32f4xx_hal_rcc.o
 .debug_frame   0x000000000000164c     0x10e8 Drivers/STM32F4xx_HAL_Driver/Src/stm32f4xx_hal_tim.o
 .debug_frame   0x0000000000002734      0x5c0 Drivers/STM32F4xx_HAL_Driver/Src/stm32f4xx_hal_tim_ex.o
 .debug_frame   0x0000000000002cf4      0x844 Drivers/STM32F4xx_HAL_Driver/Src/stm32f4xx_hal_uart.o
 .debug_frame   0x0000000000003538      0x80c Middlewares/Third_Party/FreeRTOS/Source/CMSIS_RTOS/cmsis_os.o
 .debug_frame   0x0000000000003d44       0xd8 Middlewares/Third_Party/FreeRTOS/Source/list.o
 .debug_frame   0x0000000000003e1c      0x46c Middlewares/Third_Party/FreeRTOS/Source/queue.o
 .debug_frame   0x0000000000004288      0x734 Middlewares/Third_Party/FreeRTOS/Source/tasks.o
 .debug_frame   0x00000000000049bc      0x1a8 Middlewares/Third_Party/FreeRTOS/Source/portable/GCC/ARM_CM4F/port.o
 .debug_frame   0x0000000000004b64      0x108 Middlewares/Third_Party/FreeRTOS/Source/portable/MemMang/heap_4.o
 .debug_frame   0x0000000000004c6c       0x2c c:/st/stm32cubeide_1.2.0/stm32cubeide/plugins/com.st.stm32cube.ide.mcu.externaltools.gnu-tools-for-stm32.7-2018-q2-update.win32_1.0.0.201904181610/tools/bin/../lib/gcc/arm-none-eabi/7.3.1/../../../../arm-none-eabi/lib/thumb/v7e-m/fpv4-sp/hard\libc_nano.a(lib_a-init.o)
 .debug_frame   0x0000000000004c98       0x28 c:/st/stm32cubeide_1.2.0/stm32cubeide/plugins/com.st.stm32cube.ide.mcu.externaltools.gnu-tools-for-stm32.7-2018-q2-update.win32_1.0.0.201904181610/tools/bin/../lib/gcc/arm-none-eabi/7.3.1/../../../../arm-none-eabi/lib/thumb/v7e-m/fpv4-sp/hard\libc_nano.a(lib_a-memcpy-stub.o)
 .debug_frame   0x0000000000004cc0       0x20 c:/st/stm32cubeide_1.2.0/stm32cubeide/plugins/com.st.stm32cube.ide.mcu.externaltools.gnu-tools-for-stm32.7-2018-q2-update.win32_1.0.0.201904181610/tools/bin/../lib/gcc/arm-none-eabi/7.3.1/../../../../arm-none-eabi/lib/thumb/v7e-m/fpv4-sp/hard\libc_nano.a(lib_a-memset.o)
 .debug_frame   0x0000000000004ce0       0x2c c:/st/stm32cubeide_1.2.0/stm32cubeide/plugins/com.st.stm32cube.ide.mcu.externaltools.gnu-tools-for-stm32.7-2018-q2-update.win32_1.0.0.201904181610/tools/bin/../lib/gcc/arm-none-eabi/7.3.1/thumb/v7e-m/fpv4-sp/hard\libgcc.a(_aeabi_uldivmod.o)
 .debug_frame   0x0000000000004d0c       0x34 c:/st/stm32cubeide_1.2.0/stm32cubeide/plugins/com.st.stm32cube.ide.mcu.externaltools.gnu-tools-for-stm32.7-2018-q2-update.win32_1.0.0.201904181610/tools/bin/../lib/gcc/arm-none-eabi/7.3.1/thumb/v7e-m/fpv4-sp/hard\libgcc.a(_udivmoddi4.o)
