main.c:93:5:main	200	static
main.c:209:6:SystemClock_Config	88	static
main.c:253:13:MX_ADC1_Init	24	static
main.c:303:13:MX_USART2_UART_Init	8	static
main.c:334:13:MX_DMA_Init	16	static
main.c:352:13:MX_GPIO_Init	48	static
main.c:382:6:HAL_UART_RxCpltCallback	16	static
main.c:389:6:HAL_ADC_ConvCpltCallback	16	static
main.c:403:6:StartDefaultTask	16	static
main.c:422:6:StartUsartTask	312	static
main.c:534:6:StartLedTask	24	static
main.c:566:6:StartAdcTask	24	static
main.c:597:6:HAL_TIM_PeriodElapsedCallback	16	static
main.c:614:6:Error_Handler	4	static
